Archive member included to satisfy reference by file (symbol)

../final_project_display_v4_bsp/\libhal_bsp.a(alt_load.o)
                              ../final_project_display_v4_bsp//obj/HAL/src/crt0.o (alt_load)
../final_project_display_v4_bsp/\libhal_bsp.a(alt_main.o)
                              ../final_project_display_v4_bsp//obj/HAL/src/crt0.o (alt_main)
../final_project_display_v4_bsp/\libhal_bsp.a(alt_printf.o)
                              obj/default/main.o (alt_printf)
../final_project_display_v4_bsp/\libhal_bsp.a(alt_putchar.o)
                              ../final_project_display_v4_bsp/\libhal_bsp.a(alt_printf.o) (alt_putchar)
../final_project_display_v4_bsp/\libhal_bsp.a(alt_sys_init.o)
                              ../final_project_display_v4_bsp/\libhal_bsp.a(alt_main.o) (alt_irq_init)
../final_project_display_v4_bsp/\libhal_bsp.a(altera_avalon_jtag_uart_fd.o)
                              ../final_project_display_v4_bsp/\libhal_bsp.a(alt_sys_init.o) (altera_avalon_jtag_uart_read_fd)
../final_project_display_v4_bsp/\libhal_bsp.a(altera_avalon_jtag_uart_init.o)
                              ../final_project_display_v4_bsp/\libhal_bsp.a(alt_sys_init.o) (altera_avalon_jtag_uart_init)
../final_project_display_v4_bsp/\libhal_bsp.a(altera_avalon_jtag_uart_ioctl.o)
                              ../final_project_display_v4_bsp/\libhal_bsp.a(altera_avalon_jtag_uart_fd.o) (altera_avalon_jtag_uart_ioctl)
../final_project_display_v4_bsp/\libhal_bsp.a(altera_avalon_jtag_uart_read.o)
                              ../final_project_display_v4_bsp/\libhal_bsp.a(altera_avalon_jtag_uart_fd.o) (altera_avalon_jtag_uart_read)
../final_project_display_v4_bsp/\libhal_bsp.a(altera_avalon_jtag_uart_write.o)
                              ../final_project_display_v4_bsp/\libhal_bsp.a(altera_avalon_jtag_uart_fd.o) (altera_avalon_jtag_uart_write)
../final_project_display_v4_bsp/\libhal_bsp.a(altera_avalon_timer_sc.o)
                              ../final_project_display_v4_bsp/\libhal_bsp.a(alt_sys_init.o) (alt_avalon_timer_sc_init)
../final_project_display_v4_bsp/\libhal_bsp.a(alt_alarm_start.o)
                              ../final_project_display_v4_bsp/\libhal_bsp.a(altera_avalon_jtag_uart_init.o) (alt_alarm_start)
../final_project_display_v4_bsp/\libhal_bsp.a(alt_close.o)
                              ../final_project_display_v4_bsp/\libhal_bsp.a(alt_main.o) (close)
../final_project_display_v4_bsp/\libhal_bsp.a(alt_dcache_flush_all.o)
                              ../final_project_display_v4_bsp/\libhal_bsp.a(alt_load.o) (alt_dcache_flush_all)
../final_project_display_v4_bsp/\libhal_bsp.a(alt_dev.o)
                              ../final_project_display_v4_bsp/\libhal_bsp.a(alt_sys_init.o) (alt_dev_list)
../final_project_display_v4_bsp/\libhal_bsp.a(alt_dev_llist_insert.o)
                              ../final_project_display_v4_bsp/\libhal_bsp.a(alt_sys_init.o) (alt_dev_llist_insert)
../final_project_display_v4_bsp/\libhal_bsp.a(alt_do_ctors.o)
                              ../final_project_display_v4_bsp/\libhal_bsp.a(alt_main.o) (_do_ctors)
../final_project_display_v4_bsp/\libhal_bsp.a(alt_do_dtors.o)
                              ../final_project_display_v4_bsp/\libhal_bsp.a(alt_main.o) (_do_dtors)
../final_project_display_v4_bsp/\libhal_bsp.a(alt_errno.o)
                              ../final_project_display_v4_bsp/\libhal_bsp.a(alt_close.o) (alt_errno)
../final_project_display_v4_bsp/\libhal_bsp.a(alt_icache_flush_all.o)
                              ../final_project_display_v4_bsp/\libhal_bsp.a(alt_load.o) (alt_icache_flush_all)
../final_project_display_v4_bsp/\libhal_bsp.a(alt_iic.o)
                              ../final_project_display_v4_bsp/\libhal_bsp.a(altera_avalon_jtag_uart_init.o) (alt_ic_isr_register)
../final_project_display_v4_bsp/\libhal_bsp.a(alt_iic_isr_register.o)
                              ../final_project_display_v4_bsp/\libhal_bsp.a(alt_iic.o) (alt_iic_isr_register)
../final_project_display_v4_bsp/\libhal_bsp.a(alt_io_redirect.o)
                              ../final_project_display_v4_bsp/\libhal_bsp.a(alt_main.o) (alt_io_redirect)
../final_project_display_v4_bsp/\libhal_bsp.a(alt_irq_entry.o)
                              ../final_project_display_v4_bsp/\libhal_bsp.a(alt_iic_isr_register.o) (alt_irq_entry)
../final_project_display_v4_bsp/\libhal_bsp.a(alt_irq_handler.o)
                              ../final_project_display_v4_bsp/\libhal_bsp.a(alt_iic_isr_register.o) (alt_irq)
../final_project_display_v4_bsp/\libhal_bsp.a(alt_irq_vars.o)
                              ../final_project_display_v4_bsp/\libhal_bsp.a(alt_iic.o) (alt_irq_active)
../final_project_display_v4_bsp/\libhal_bsp.a(alt_open.o)
                              ../final_project_display_v4_bsp/\libhal_bsp.a(alt_io_redirect.o) (open)
../final_project_display_v4_bsp/\libhal_bsp.a(alt_release_fd.o)
                              ../final_project_display_v4_bsp/\libhal_bsp.a(alt_close.o) (alt_release_fd)
[...]
Memory Configuration

Name             Origin             Length             Attributes
onchip_memory2_0 0x0000000000000000 0x0000000000001000
reset            0x0000000008000000 0x0000000000000020
new_sdram_controller_0 0x0000000008000020 0x0000000000ffffe0
*default*        0x0000000000000000 0xffffffffffffffff

Linker script and memory map

LOAD ../final_project_display_v4_bsp//obj/HAL/src/crt0.o
LOAD obj/default/main.o
LOAD c:/intelfpga_lite/16.1/nios2eds/bin/gnu/h-x86_64-mingw32/bin/../lib/gcc/nios2-elf/5.3.0/../../../../../H-x86_64-mingw32/nios2-elf/lib\libstdc++.a
LOAD c:/intelfpga_lite/16.1/nios2eds/bin/gnu/h-x86_64-mingw32/bin/../lib/gcc/nios2-elf/5.3.0/../../../../../H-x86_64-mingw32/nios2-elf/lib\libm.a
LOAD c:/intelfpga_lite/16.1/nios2eds/bin/gnu/h-x86_64-mingw32/bin/../lib/gcc/nios2-elf/5.3.0\libgcc.a
START GROUP
LOAD c:/intelfpga_lite/16.1/nios2eds/bin/gnu/h-x86_64-mingw32/bin/../lib/gcc/nios2-elf/5.3.0/../../../../../H-x86_64-mingw32/nios2-elf/lib\libc.a
LOAD c:/intelfpga_lite/16.1/nios2eds/bin/gnu/h-x86_64-mingw32/bin/../lib/gcc/nios2-elf/5.3.0\libgcc.a
LOAD ../final_project_display_v4_bsp/\libhal_bsp.a
LOAD c:/intelfpga_lite/16.1/nios2eds/bin/gnu/h-x86_64-mingw32/bin/../lib/gcc/nios2-elf/5.3.0/../../../../../H-x86_64-mingw32/nios2-elf/lib\libm.a
END GROUP
LOAD c:/intelfpga_lite/16.1/nios2eds/bin/gnu/h-x86_64-mingw32/bin/../lib/gcc/nios2-elf/5.3.0\libgcc.a
                0x0000000000000000                __alt_mem_onchip_memory2_0 = 0x0
                0x0000000008000000                __alt_mem_new_sdram_controller_0 = 0x8000000

.entry          0x0000000008000000       0x20
 *(.entry)
 .entry         0x0000000008000000       0x20 ../final_project_display_v4_bsp//obj/HAL/src/crt0.o
                0x0000000008000000                __reset

.exceptions     0x0000000008000020      0x224
                0x0000000008000020                PROVIDE (__ram_exceptions_start, ABSOLUTE (.))
                0x0000000008000020                . = ALIGN (0x20)
 *(.irq)
 *(.exceptions.entry.label)
 .exceptions.entry.label
                0x0000000008000020        0x0 ../final_project_display_v4_bsp/\libhal_bsp.a(alt_irq_entry.o)
                0x0000000008000020                alt_irq_entry
 .exceptions.entry.label
                0x0000000008000020        0x0 ../final_project_display_v4_bsp/\libhal_bsp.a(alt_exception_entry.o)
                0x0000000008000020                alt_exception
 *(.exceptions.entry.user)
 *(.exceptions.entry.ecc_fatal)
 *(.exceptions.entry)
 .exceptions.entry
                0x0000000008000020       0x54 ../final_project_display_v4_bsp/\libhal_bsp.a(alt_exception_entry.o)
 *(.exceptions.irqtest.user)
 *(.exceptions.irqtest)
 .exceptions.irqtest
                0x0000000008000074       0x10 ../final_project_display_v4_bsp/\libhal_bsp.a(alt_irq_entry.o)
 *(.exceptions.irqhandler.user)
 *(.exceptions.irqhandler)
 .exceptions.irqhandler
                0x0000000008000084        0x4 ../final_project_display_v4_bsp/\libhal_bsp.a(alt_irq_entry.o)
 *(.exceptions.irqreturn.user)
 *(.exceptions.irqreturn)
 .exceptions.irqreturn
                0x0000000008000088        0x4 ../final_project_display_v4_bsp/\libhal_bsp.a(alt_irq_entry.o)
 *(.exceptions.notirq.label)
 .exceptions.notirq.label
                0x000000000800008c        0x0 ../final_project_display_v4_bsp/\libhal_bsp.a(alt_irq_entry.o)
 *(.exceptions.notirq.user)
 *(.exceptions.notirq)
 .exceptions.notirq
                0x000000000800008c        0x8 ../final_project_display_v4_bsp/\libhal_bsp.a(alt_exception_entry.o)
 *(.exceptions.soft.user)
 *(.exceptions.soft)
 *(.exceptions.unknown.user)
 *(.exceptions.unknown)
 .exceptions.unknown
                0x0000000008000094       0x14 ../final_project_display_v4_bsp/\libhal_bsp.a(alt_exception_entry.o)
 *(.exceptions.exit.label)
 .exceptions.exit.label
                0x00000000080000a8        0x0 ../final_project_display_v4_bsp/\libhal_bsp.a(alt_irq_entry.o)
 .exceptions.exit.label
                0x00000000080000a8        0x0 ../final_project_display_v4_bsp/\libhal_bsp.a(alt_exception_entry.o)
 *(.exceptions.exit.user)
 *(.exceptions.exit)
 .exceptions.exit
                0x00000000080000a8       0x54 ../final_project_display_v4_bsp/\libhal_bsp.a(alt_exception_entry.o)
 *(.exceptions)
 .exceptions    0x00000000080000fc       0xd4 ../final_project_display_v4_bsp/\libhal_bsp.a(alt_irq_handler.o)
                0x00000000080000fc                alt_irq_handler
 .exceptions    0x00000000080001d0       0x74 ../final_project_display_v4_bsp/\libhal_bsp.a(alt_instruction_exception_entry.o)
                0x00000000080001d0                alt_instruction_exception_entry
                0x0000000008000244                PROVIDE (__ram_exceptions_end, ABSOLUTE (.))
                0x0000000008000020                PROVIDE (__flash_exceptions_start, LOADADDR (.exceptions))

.text           0x0000000008000244     0x4edc
                [!provide]                        PROVIDE (stext, ABSOLUTE (.))
 *(.interp)
 *(.hash)
 *(.dynsym)
 *(.dynstr)
 *(.gnu.version)
 *(.gnu.version_d)
 *(.gnu.version_r)
 *(.rel.init)
 *(.rela.init)
 *(.rel.text .rel.text.* .rel.gnu.linkonce.t.*)
 *(.rela.text .rela.text.* .rela.gnu.linkonce.t.*)
 *(.rel.fini)
 *(.rela.fini)
 *(.rel.rodata .rel.rodata.* .rel.gnu.linkonce.r.*)
 *(.rela.rodata .rela.rodata.* .rela.gnu.linkonce.r.*)
 *(.rel.data .rel.data.* .rel.gnu.linkonce.d.*)
 *(.rela.data .rela.data.* .rela.gnu.linkonce.d.*)
 *(.rel.tdata .rel.tdata.* .rel.gnu.linkonce.td.*)
 *(.rela.tdata .rela.tdata.* .rela.gnu.linkonce.td.*)
 *(.rel.tbss .rel.tbss.* .rel.gnu.linkonce.tb.*)
 *(.rela.tbss .rela.tbss.* .rela.gnu.linkonce.tb.*)
 *(.rel.ctors)
 *(.rela.ctors)
 *(.rel.dtors)
 *(.rela.dtors)
 *(.rel.got)
 *(.rela.got)
 *(.rel.sdata .rel.sdata.* .rel.gnu.linkonce.s.*)
 *(.rela.sdata .rela.sdata.* .rela.gnu.linkonce.s.*)
 *(.rel.sbss .rel.sbss.* .rel.gnu.linkonce.sb.*)
 *(.rela.sbss .rela.sbss.* .rela.gnu.linkonce.sb.*)
 *(.rel.sdata2 .rel.sdata2.* .rel.gnu.linkonce.s2.*)
 *(.rela.sdata2 .rela.sdata2.* .rela.gnu.linkonce.s2.*)
 *(.rel.sbss2 .rel.sbss2.* .rel.gnu.linkonce.sb2.*)
 *(.rela.sbss2 .rela.sbss2.* .rela.gnu.linkonce.sb2.*)
 *(.rel.bss .rel.bss.* .rel.gnu.linkonce.b.*)
 *(.rela.bss .rela.bss.* .rela.gnu.linkonce.b.*)
 *(.rel.plt)
 *(.rela.plt)
 *(.rel.dyn)
 *(.init)
 *(.plt)
 *(.text .stub .text.* .gnu.linkonce.t.*)
 .text          0x0000000008000244       0x4c ../final_project_display_v4_bsp//obj/HAL/src/crt0.o
                0x0000000008000244                _start
 .text          0x0000000008000290      0x2dc obj/default/main.o
                0x0000000008000290                nrf_init
                0x00000000080002c8                spi_comm
                0x0000000008000434                print_array
                0x00000000080004f8                main
 .text          0x000000000800056c       0xec ../final_project_display_v4_bsp/\libhal_bsp.a(alt_load.o)
                0x00000000080005d4                alt_load
 .text          0x0000000008000658       0x7c ../final_project_display_v4_bsp/\libhal_bsp.a(alt_main.o)
                0x0000000008000658                alt_main
 .text          0x00000000080006d4      0x22c ../final_project_display_v4_bsp/\libhal_bsp.a(alt_printf.o)
                0x00000000080006d4                alt_printf
 .text          0x0000000008000900       0x3c ../final_project_display_v4_bsp/\libhal_bsp.a(alt_putchar.o)
                0x0000000008000900                alt_putchar
 .text          0x000000000800093c       0xcc ../final_project_display_v4_bsp/\libhal_bsp.a(alt_sys_init.o)
                0x0000000008000970                alt_irq_init
                0x00000000080009a8                alt_sys_init
 .text          0x0000000008000a08      0x164 ../final_project_display_v4_bsp/\libhal_bsp.a(altera_avalon_jtag_uart_fd.o)
                0x0000000008000a08                altera_avalon_jtag_uart_read_fd
                0x0000000008000a68                altera_avalon_jtag_uart_write_fd
                0x0000000008000ac8                altera_avalon_jtag_uart_close_fd
                0x0000000008000b18                altera_avalon_jtag_uart_ioctl_fd
 .text          0x0000000008000b6c      0x3d4 ../final_project_display_v4_bsp/\libhal_bsp.a(altera_avalon_jtag_uart_init.o)
                0x0000000008000b6c                altera_avalon_jtag_uart_init
                0x0000000008000ed8                altera_avalon_jtag_uart_close
 .text          0x0000000008000f40       0xf0 ../final_project_display_v4_bsp/\libhal_bsp.a(altera_avalon_jtag_uart_ioctl.o)
                0x0000000008000f40                altera_avalon_jtag_uart_ioctl
 .text          0x0000000008001030      0x21c ../final_project_display_v4_bsp/\libhal_bsp.a(altera_avalon_jtag_uart_read.o)
                0x0000000008001030                altera_avalon_jtag_uart_read
 .text          0x000000000800124c      0x224 ../final_project_display_v4_bsp/\libhal_bsp.a(altera_avalon_jtag_uart_write.o)
                0x000000000800124c                altera_avalon_jtag_uart_write
 .text          0x0000000008001470       0xf4 ../final_project_display_v4_bsp/\libhal_bsp.a(altera_avalon_timer_sc.o)
                0x00000000080014e8                alt_avalon_timer_sc_init
 .text          0x0000000008001564      0x12c ../final_project_display_v4_bsp/\libhal_bsp.a(alt_alarm_start.o)
                0x0000000008001564                alt_alarm_start
 .text          0x0000000008001690      0x10c ../final_project_display_v4_bsp/\libhal_bsp.a(alt_close.o)
                0x00000000080016cc                close
 .text          0x000000000800179c       0x48 ../final_project_display_v4_bsp/\libhal_bsp.a(alt_dcache_flush_all.o)
                0x000000000800179c                alt_dcache_flush_all
 .text          0x00000000080017e4       0x2c ../final_project_display_v4_bsp/\libhal_bsp.a(alt_dev.o)
 .text          0x0000000008001810       0xe0 ../final_project_display_v4_bsp/\libhal_bsp.a(alt_dev_llist_insert.o)
                0x000000000800184c                alt_dev_llist_insert
 .text          0x00000000080018f0       0x60 ../final_project_display_v4_bsp/\libhal_bsp.a(alt_do_ctors.o)
                0x00000000080018f0                _do_ctors
 .text          0x0000000008001950       0x60 ../final_project_display_v4_bsp/\libhal_bsp.a(alt_do_dtors.o)
                0x0000000008001950                _do_dtors
 .text          0x00000000080019b0        0x0 ../final_project_display_v4_bsp/\libhal_bsp.a(alt_errno.o)
 .text          0x00000000080019b0       0x34 ../final_project_display_v4_bsp/\libhal_bsp.a(alt_icache_flush_all.o)
                0x00000000080019b0                alt_icache_flush_all
 .text          0x00000000080019e4      0x1b0 ../final_project_display_v4_bsp/\libhal_bsp.a(alt_iic.o)
                0x00000000080019e4                alt_ic_isr_register
                0x0000000008001a34                alt_ic_irq_enable
                0x0000000008001abc                alt_ic_irq_disable
                0x0000000008001b48                alt_ic_irq_enabled
 .text          0x0000000008001b94       0xf0 ../final_project_display_v4_bsp/\libhal_bsp.a(alt_iic_isr_register.o)
                0x0000000008001b94                alt_iic_isr_register
 .text          0x0000000008001c84      0x140 ../final_project_display_v4_bsp/\libhal_bsp.a(alt_io_redirect.o)
                0x0000000008001d48                alt_io_redirect
 .text          0x0000000008001dc4        0x0 ../final_project_display_v4_bsp/\libhal_bsp.a(alt_irq_entry.o)
 .text          0x0000000008001dc4        0x0 ../final_project_display_v4_bsp/\libhal_bsp.a(alt_irq_handler.o)
 .text          0x0000000008001dc4        0x0 ../final_project_display_v4_bsp/\libhal_bsp.a(alt_irq_vars.o)
 .text          0x0000000008001dc4      0x254 ../final_project_display_v4_bsp/\libhal_bsp.a(alt_open.o)
                0x0000000008001ec4                open
 .text          0x0000000008002018       0x64 ../final_project_display_v4_bsp/\libhal_bsp.a(alt_release_fd.o)
                0x0000000008002018                alt_release_fd
 .text          0x000000000800207c      0x1a4 ../final_project_display_v4_bsp/\libhal_bsp.a(alt_tick.o)
                0x000000000800207c                alt_alarm_stop
                0x0000000008002118                alt_tick
 .text          0x0000000008002220       0x24 ../final_project_display_v4_bsp/\libhal_bsp.a(altera_nios2_gen2_irq.o)
                0x0000000008002220                altera_nios2_gen2_irq_init
 .text          0x0000000008002244        0x0 ../final_project_display_v4_bsp/\libhal_bsp.a(alt_exception_entry.o)
 .text          0x0000000008002244       0x90 ../final_project_display_v4_bsp/\libhal_bsp.a(alt_find_dev.o)
                0x0000000008002244                alt_find_dev
 .text          0x00000000080022d4      0x108 ../final_project_display_v4_bsp/\libhal_bsp.a(alt_find_file.o)
                0x00000000080022d4                alt_find_file
 .text          0x00000000080023dc       0xa4 ../final_project_display_v4_bsp/\libhal_bsp.a(alt_get_fd.o)
                0x00000000080023dc                alt_get_fd
 .text          0x0000000008002480       0x90 ../final_project_display_v4_bsp/\libhal_bsp.a(alt_icache_flush.o)
                0x0000000008002480                alt_icache_flush
 .text          0x0000000008002510       0x9c ../final_project_display_v4_bsp/\libhal_bsp.a(alt_instruction_exception_entry.o)
                0x0000000008002510                alt_exception_cause_generated_bad_addr
 .text          0x00000000080025ac        0x0 c:/intelfpga_lite/16.1/nios2eds/bin/gnu/h-x86_64-mingw32/bin/../lib/gcc/nios2-elf/5.3.0/../../../../../H-x86_64-mingw32/nios2-elf/lib\libc.a(lib_a-atexit.o)
 .text.atexit   0x00000000080025ac       0x14 c:/intelfpga_lite/16.1/nios2eds/bin/gnu/h-x86_64-mingw32/bin/../lib/gcc/nios2-elf/5.3.0/../../../../../H-x86_64-mingw32/nios2-elf/lib\libc.a(lib_a-atexit.o)
                0x00000000080025ac                atexit
 .text          0x00000000080025c0        0x0 c:/intelfpga_lite/16.1/nios2eds/bin/gnu/h-x86_64-mingw32/bin/../lib/gcc/nios2-elf/5.3.0/../../../../../H-x86_64-mingw32/nios2-elf/lib\libc.a(lib_a-exit.o)
 .text.exit     0x00000000080025c0       0x38 c:/intelfpga_lite/16.1/nios2eds/bin/gnu/h-x86_64-mingw32/bin/../lib/gcc/nios2-elf/5.3.0/../../../../../H-x86_64-mingw32/nios2-elf/lib\libc.a(lib_a-exit.o)
                0x00000000080025c0                exit
 .text          0x00000000080025f8        0x0 c:/intelfpga_lite/16.1/nios2eds/bin/gnu/h-x86_64-mingw32/bin/../lib/gcc/nios2-elf/5.3.0/../../../../../H-x86_64-mingw32/nios2-elf/lib\libc.a(lib_a-impure.o)
 .text          0x00000000080025f8        0x0 c:/intelfpga_lite/16.1/nios2eds/bin/gnu/h-x86_64-mingw32/bin/../lib/gcc/nios2-elf/5.3.0/../../../../../H-x86_64-mingw32/nios2-elf/lib\libc.a(lib_a-int_errno.o)
 .text          0x00000000080025f8        0x0 c:/intelfpga_lite/16.1/nios2eds/bin/gnu/h-x86_64-mingw32/bin/../lib/gcc/nios2-elf/5.3.0/../../../../../H-x86_64-mingw32/nios2-elf/lib\libc.a(lib_a-memcmp.o)
 .text.memcmp   0x00000000080025f8       0x7c c:/intelfpga_lite/16.1/nios2eds/bin/gnu/h-x86_64-mingw32/bin/../lib/gcc/nios2-elf/5.3.0/../../../../../H-x86_64-mingw32/nios2-elf/lib\libc.a(lib_a-memcmp.o)
                0x00000000080025f8                memcmp
 .text          0x0000000008002674        0x0 c:/intelfpga_lite/16.1/nios2eds/bin/gnu/h-x86_64-mingw32/bin/../lib/gcc/nios2-elf/5.3.0/../../../../../H-x86_64-mingw32/nios2-elf/lib\libc.a(lib_a-memcpy.o)
 .text.memcpy   0x0000000008002674      0x148 c:/intelfpga_lite/16.1/nios2eds/bin/gnu/h-x86_64-mingw32/bin/../lib/gcc/nios2-elf/5.3.0/../../../../../H-x86_64-mingw32/nios2-elf/lib\libc.a(lib_a-memcpy.o)
                0x0000000008002674                memcpy
 .text          0x00000000080027bc        0x0 c:/intelfpga_lite/16.1/nios2eds/bin/gnu/h-x86_64-mingw32/bin/../lib/gcc/nios2-elf/5.3.0/../../../../../H-x86_64-mingw32/nios2-elf/lib\libc.a(lib_a-putc.o)
 .text._putc_r  0x00000000080027bc       0xa0 c:/intelfpga_lite/16.1/nios2eds/bin/gnu/h-x86_64-mingw32/bin/../lib/gcc/nios2-elf/5.3.0/../../../../../H-x86_64-mingw32/nios2-elf/lib\libc.a(lib_a-putc.o)
                0x00000000080027bc                _putc_r
 .text.putc     0x000000000800285c       0xc8 c:/intelfpga_lite/16.1/nios2eds/bin/gnu/h-x86_64-mingw32/bin/../lib/gcc/nios2-elf/5.3.0/../../../../../H-x86_64-mingw32/nios2-elf/lib\libc.a(lib_a-putc.o)
                0x000000000800285c                putc
 .text          0x0000000008002924        0x0 c:/intelfpga_lite/16.1/nios2eds/bin/gnu/h-x86_64-mingw32/bin/../lib/gcc/nios2-elf/5.3.0/../../../../../H-x86_64-mingw32/nios2-elf/lib\libc.a(lib_a-strlen.o)
 .text.strlen   0x0000000008002924       0x98 c:/intelfpga_lite/16.1/nios2eds/bin/gnu/h-x86_64-mingw32/bin/../lib/gcc/nios2-elf/5.3.0/../../../../../H-x86_64-mingw32/nios2-elf/lib\libc.a(lib_a-strlen.o)
                0x0000000008002924                strlen
 .text          0x00000000080029bc        0x0 c:/intelfpga_lite/16.1/nios2eds/bin/gnu/h-x86_64-mingw32/bin/../lib/gcc/nios2-elf/5.3.0/../../../../../H-x86_64-mingw32/nios2-elf/lib\libc.a(lib_a-wbuf.o)
 .text.__swbuf_r
                0x00000000080029bc      0x140 c:/intelfpga_lite/16.1/nios2eds/bin/gnu/h-x86_64-mingw32/bin/../lib/gcc/nios2-elf/5.3.0/../../../../../H-x86_64-mingw32/nios2-elf/lib\libc.a(lib_a-wbuf.o)
                0x00000000080029bc                __swbuf_r
 .text.__swbuf  0x0000000008002afc       0x18 c:/intelfpga_lite/16.1/nios2eds/bin/gnu/h-x86_64-mingw32/bin/../lib/gcc/nios2-elf/5.3.0/../../../../../H-x86_64-mingw32/nios2-elf/lib\libc.a(lib_a-wbuf.o)
                0x0000000008002afc                __swbuf
 .text          0x0000000008002b14        0x0 c:/intelfpga_lite/16.1/nios2eds/bin/gnu/h-x86_64-mingw32/bin/../lib/gcc/nios2-elf/5.3.0/../../../../../H-x86_64-mingw32/nios2-elf/lib\libc.a(lib_a-wsetup.o)
 .text.__swsetup_r
                0x0000000008002b14      0x154 c:/intelfpga_lite/16.1/nios2eds/bin/gnu/h-x86_64-mingw32/bin/../lib/gcc/nios2-elf/5.3.0/../../../../../H-x86_64-mingw32/nios2-elf/lib\libc.a(lib_a-wsetup.o)
                0x0000000008002b14                __swsetup_r
 .text          0x0000000008002c68        0x0 c:/intelfpga_lite/16.1/nios2eds/bin/gnu/h-x86_64-mingw32/bin/../lib/gcc/nios2-elf/5.3.0/../../../../../H-x86_64-mingw32/nios2-elf/lib\libc.a(lib_a-__atexit.o)
 .text.__register_exitproc
                0x0000000008002c68      0x118 c:/intelfpga_lite/16.1/nios2eds/bin/gnu/h-x86_64-mingw32/bin/../lib/gcc/nios2-elf/5.3.0/../../../../../H-x86_64-mingw32/nios2-elf/lib\libc.a(lib_a-__atexit.o)
                0x0000000008002c68                __register_exitproc
 .text          0x0000000008002d80        0x0 c:/intelfpga_lite/16.1/nios2eds/bin/gnu/h-x86_64-mingw32/bin/../lib/gcc/nios2-elf/5.3.0/../../../../../H-x86_64-mingw32/nios2-elf/lib\libc.a(lib_a-__call_atexit.o)
 .text.__call_exitprocs
                0x0000000008002d80      0x180 c:/intelfpga_lite/16.1/nios2eds/bin/gnu/h-x86_64-mingw32/bin/../lib/gcc/nios2-elf/5.3.0/../../../../../H-x86_64-mingw32/nios2-elf/lib\libc.a(lib_a-__call_atexit.o)
                0x0000000008002d80                __call_exitprocs
 .text          0x0000000008002f00        0x0 c:/intelfpga_lite/16.1/nios2eds/bin/gnu/h-x86_64-mingw32/bin/../lib/gcc/nios2-elf/5.3.0/../../../../../H-x86_64-mingw32/nios2-elf/lib\libc.a(lib_a-fflush.o)
 .text.__sflush_r
                0x0000000008002f00      0x21c c:/intelfpga_lite/16.1/nios2eds/bin/gnu/h-x86_64-mingw32/bin/../lib/gcc/nios2-elf/5.3.0/../../../../../H-x86_64-mingw32/nios2-elf/lib\libc.a(lib_a-fflush.o)
                0x0000000008002f00                __sflush_r
 .text._fflush_r
                0x000000000800311c       0x5c c:/intelfpga_lite/16.1/nios2eds/bin/gnu/h-x86_64-mingw32/bin/../lib/gcc/nios2-elf/5.3.0/../../../../../H-x86_64-mingw32/nios2-elf/lib\libc.a(lib_a-fflush.o)
                0x000000000800311c                _fflush_r
 .text.fflush   0x0000000008003178       0x30 c:/intelfpga_lite/16.1/nios2eds/bin/gnu/h-x86_64-mingw32/bin/../lib/gcc/nios2-elf/5.3.0/../../../../../H-x86_64-mingw32/nios2-elf/lib\libc.a(lib_a-fflush.o)
                0x0000000008003178                fflush
 .text          0x00000000080031a8        0x0 c:/intelfpga_lite/16.1/nios2eds/bin/gnu/h-x86_64-mingw32/bin/../lib/gcc/nios2-elf/5.3.0/../../../../../H-x86_64-mingw32/nios2-elf/lib\libc.a(lib_a-findfp.o)
 .text.__fp_unlock
                0x00000000080031a8        0x8 c:/intelfpga_lite/16.1/nios2eds/bin/gnu/h-x86_64-mingw32/bin/../lib/gcc/nios2-elf/5.3.0/../../../../../H-x86_64-mingw32/nios2-elf/lib\libc.a(lib_a-findfp.o)
 .text._cleanup_r
                0x00000000080031b0        0xc c:/intelfpga_lite/16.1/nios2eds/bin/gnu/h-x86_64-mingw32/bin/../lib/gcc/nios2-elf/5.3.0/../../../../../H-x86_64-mingw32/nios2-elf/lib\libc.a(lib_a-findfp.o)
                0x00000000080031b0                _cleanup_r
 .text.__sinit.part.1
                0x00000000080031bc      0x19c c:/intelfpga_lite/16.1/nios2eds/bin/gnu/h-x86_64-mingw32/bin/../lib/gcc/nios2-elf/5.3.0/../../../../../H-x86_64-mingw32/nios2-elf/lib\libc.a(lib_a-findfp.o)
 .text.__fp_lock
                0x0000000008003358        0x8 c:/intelfpga_lite/16.1/nios2eds/bin/gnu/h-x86_64-mingw32/bin/../lib/gcc/nios2-elf/5.3.0/../../../../../H-x86_64-mingw32/nios2-elf/lib\libc.a(lib_a-findfp.o)
 .text.__sfmoreglue
                0x0000000008003360       0x68 c:/intelfpga_lite/16.1/nios2eds/bin/gnu/h-x86_64-mingw32/bin/../lib/gcc/nios2-elf/5.3.0/../../../../../H-x86_64-mingw32/nios2-elf/lib\libc.a(lib_a-findfp.o)
                0x0000000008003360                __sfmoreglue
 .text.__sfp    0x00000000080033c8      0x118 c:/intelfpga_lite/16.1/nios2eds/bin/gnu/h-x86_64-mingw32/bin/../lib/gcc/nios2-elf/5.3.0/../../../../../H-x86_64-mingw32/nios2-elf/lib\libc.a(lib_a-findfp.o)
                0x00000000080033c8                __sfp
 .text._cleanup
                0x00000000080034e0       0x18 c:/intelfpga_lite/16.1/nios2eds/bin/gnu/h-x86_64-mingw32/bin/../lib/gcc/nios2-elf/5.3.0/../../../../../H-x86_64-mingw32/nios2-elf/lib\libc.a(lib_a-findfp.o)
                0x00000000080034e0                _cleanup
 .text.__sinit  0x00000000080034f8       0x10 c:/intelfpga_lite/16.1/nios2eds/bin/gnu/h-x86_64-mingw32/bin/../lib/gcc/nios2-elf/5.3.0/../../../../../H-x86_64-mingw32/nios2-elf/lib\libc.a(lib_a-findfp.o)
                0x00000000080034f8                __sinit
 .text.__sfp_lock_acquire
                0x0000000008003508        0x4 c:/intelfpga_lite/16.1/nios2eds/bin/gnu/h-x86_64-mingw32/bin/../lib/gcc/nios2-elf/5.3.0/../../../../../H-x86_64-mingw32/nios2-elf/lib\libc.a(lib_a-findfp.o)
                0x0000000008003508                __sfp_lock_acquire
 .text.__sfp_lock_release
                0x000000000800350c        0x4 c:/intelfpga_lite/16.1/nios2eds/bin/gnu/h-x86_64-mingw32/bin/../lib/gcc/nios2-elf/5.3.0/../../../../../H-x86_64-mingw32/nios2-elf/lib\libc.a(lib_a-findfp.o)
                0x000000000800350c                __sfp_lock_release
 .text.__sinit_lock_acquire
                0x0000000008003510        0x4 c:/intelfpga_lite/16.1/nios2eds/bin/gnu/h-x86_64-mingw32/bin/../lib/gcc/nios2-elf/5.3.0/../../../../../H-x86_64-mingw32/nios2-elf/lib\libc.a(lib_a-findfp.o)
                0x0000000008003510                __sinit_lock_acquire
 .text.__sinit_lock_release
                0x0000000008003514        0x4 c:/intelfpga_lite/16.1/nios2eds/bin/gnu/h-x86_64-mingw32/bin/../lib/gcc/nios2-elf/5.3.0/../../../../../H-x86_64-mingw32/nios2-elf/lib\libc.a(lib_a-findfp.o)
                0x0000000008003514                __sinit_lock_release
 .text.__fp_lock_all
                0x0000000008003518       0x18 c:/intelfpga_lite/16.1/nios2eds/bin/gnu/h-x86_64-mingw32/bin/../lib/gcc/nios2-elf/5.3.0/../../../../../H-x86_64-mingw32/nios2-elf/lib\libc.a(lib_a-findfp.o)
                0x0000000008003518                __fp_lock_all
 .text.__fp_unlock_all
                0x0000000008003530       0x18 c:/intelfpga_lite/16.1/nios2eds/bin/gnu/h-x86_64-mingw32/bin/../lib/gcc/nios2-elf/5.3.0/../../../../../H-x86_64-mingw32/nios2-elf/lib\libc.a(lib_a-findfp.o)
                0x0000000008003530                __fp_unlock_all
 .text          0x0000000008003548        0x0 c:/intelfpga_lite/16.1/nios2eds/bin/gnu/h-x86_64-mingw32/bin/../lib/gcc/nios2-elf/5.3.0/../../../../../H-x86_64-mingw32/nios2-elf/lib\libc.a(lib_a-freer.o)
 .text._malloc_trim_r
                0x0000000008003548      0x124 c:/intelfpga_lite/16.1/nios2eds/bin/gnu/h-x86_64-mingw32/bin/../lib/gcc/nios2-elf/5.3.0/../../../../../H-x86_64-mingw32/nios2-elf/lib\libc.a(lib_a-freer.o)
                0x0000000008003548                _malloc_trim_r
 .text._free_r  0x000000000800366c      0x310 c:/intelfpga_lite/16.1/nios2eds/bin/gnu/h-x86_64-mingw32/bin/../lib/gcc/nios2-elf/5.3.0/../../../../../H-x86_64-mingw32/nios2-elf/lib\libc.a(lib_a-freer.o)
                0x000000000800366c                _free_r
 .text          0x000000000800397c        0x0 c:/intelfpga_lite/16.1/nios2eds/bin/gnu/h-x86_64-mingw32/bin/../lib/gcc/nios2-elf/5.3.0/../../../../../H-x86_64-mingw32/nios2-elf/lib\libc.a(lib_a-fwalk.o)
 .text._fwalk   0x000000000800397c       0xc4 c:/intelfpga_lite/16.1/nios2eds/bin/gnu/h-x86_64-mingw32/bin/../lib/gcc/nios2-elf/5.3.0/../../../../../H-x86_64-mingw32/nios2-elf/lib\libc.a(lib_a-fwalk.o)
                0x000000000800397c                _fwalk
 .text._fwalk_reent
                0x0000000008003a40       0xc4 c:/intelfpga_lite/16.1/nios2eds/bin/gnu/h-x86_64-mingw32/bin/../lib/gcc/nios2-elf/5.3.0/../../../../../H-x86_64-mingw32/nios2-elf/lib\libc.a(lib_a-fwalk.o)
                0x0000000008003a40                _fwalk_reent
 .text          0x0000000008003b04        0x0 c:/intelfpga_lite/16.1/nios2eds/bin/gnu/h-x86_64-mingw32/bin/../lib/gcc/nios2-elf/5.3.0/../../../../../H-x86_64-mingw32/nios2-elf/lib\libc.a(lib_a-makebuf.o)
 .text.__smakebuf_r
                0x0000000008003b04      0x1bc c:/intelfpga_lite/16.1/nios2eds/bin/gnu/h-x86_64-mingw32/bin/../lib/gcc/nios2-elf/5.3.0/../../../../../H-x86_64-mingw32/nios2-elf/lib\libc.a(lib_a-makebuf.o)
                0x0000000008003b04                __smakebuf_r
 .text          0x0000000008003cc0        0x0 c:/intelfpga_lite/16.1/nios2eds/bin/gnu/h-x86_64-mingw32/bin/../lib/gcc/nios2-elf/5.3.0/../../../../../H-x86_64-mingw32/nios2-elf/lib\libc.a(lib_a-mallocr.o)
 .text._malloc_r
                0x0000000008003cc0      0x80c c:/intelfpga_lite/16.1/nios2eds/bin/gnu/h-x86_64-mingw32/bin/../lib/gcc/nios2-elf/5.3.0/../../../../../H-x86_64-mingw32/nios2-elf/lib\libc.a(lib_a-mallocr.o)
                0x0000000008003cc0                _malloc_r
 .text          0x00000000080044cc        0x0 c:/intelfpga_lite/16.1/nios2eds/bin/gnu/h-x86_64-mingw32/bin/../lib/gcc/nios2-elf/5.3.0/../../../../../H-x86_64-mingw32/nios2-elf/lib\libc.a(lib_a-memset.o)
 .text.memset   0x00000000080044cc      0x128 c:/intelfpga_lite/16.1/nios2eds/bin/gnu/h-x86_64-mingw32/bin/../lib/gcc/nios2-elf/5.3.0/../../../../../H-x86_64-mingw32/nios2-elf/lib\libc.a(lib_a-memset.o)
                0x00000000080044cc                memset
 .text          0x00000000080045f4        0x0 c:/intelfpga_lite/16.1/nios2eds/bin/gnu/h-x86_64-mingw32/bin/../lib/gcc/nios2-elf/5.3.0/../../../../../H-x86_64-mingw32/nios2-elf/lib\libc.a(lib_a-sbrkr.o)
 .text._sbrk_r  0x00000000080045f4       0x54 c:/intelfpga_lite/16.1/nios2eds/bin/gnu/h-x86_64-mingw32/bin/../lib/gcc/nios2-elf/5.3.0/../../../../../H-x86_64-mingw32/nios2-elf/lib\libc.a(lib_a-sbrkr.o)
                0x00000000080045f4                _sbrk_r
 .text          0x0000000008004648        0x0 c:/intelfpga_lite/16.1/nios2eds/bin/gnu/h-x86_64-mingw32/bin/../lib/gcc/nios2-elf/5.3.0/../../../../../H-x86_64-mingw32/nios2-elf/lib\libc.a(lib_a-stdio.o)
 .text.__sread  0x0000000008004648       0x54 c:/intelfpga_lite/16.1/nios2eds/bin/gnu/h-x86_64-mingw32/bin/../lib/gcc/nios2-elf/5.3.0/../../../../../H-x86_64-mingw32/nios2-elf/lib\libc.a(lib_a-stdio.o)
                0x0000000008004648                __sread
 .text.__seofread
                0x000000000800469c        0x8 c:/intelfpga_lite/16.1/nios2eds/bin/gnu/h-x86_64-mingw32/bin/../lib/gcc/nios2-elf/5.3.0/../../../../../H-x86_64-mingw32/nios2-elf/lib\libc.a(lib_a-stdio.o)
                0x000000000800469c                __seofread
 .text.__swrite
                0x00000000080046a4       0x7c c:/intelfpga_lite/16.1/nios2eds/bin/gnu/h-x86_64-mingw32/bin/../lib/gcc/nios2-elf/5.3.0/../../../../../H-x86_64-mingw32/nios2-elf/lib\libc.a(lib_a-stdio.o)
                0x00000000080046a4                __swrite
 .text.__sseek  0x0000000008004720       0x5c c:/intelfpga_lite/16.1/nios2eds/bin/gnu/h-x86_64-mingw32/bin/../lib/gcc/nios2-elf/5.3.0/../../../../../H-x86_64-mingw32/nios2-elf/lib\libc.a(lib_a-stdio.o)
                0x0000000008004720                __sseek
 .text.__sclose
                0x000000000800477c        0x8 c:/intelfpga_lite/16.1/nios2eds/bin/gnu/h-x86_64-mingw32/bin/../lib/gcc/nios2-elf/5.3.0/../../../../../H-x86_64-mingw32/nios2-elf/lib\libc.a(lib_a-stdio.o)
                0x000000000800477c                __sclose
 .text          0x0000000008004784        0x0 c:/intelfpga_lite/16.1/nios2eds/bin/gnu/h-x86_64-mingw32/bin/../lib/gcc/nios2-elf/5.3.0/../../../../../H-x86_64-mingw32/nios2-elf/lib\libc.a(lib_a-writer.o)
 .text._write_r
                0x0000000008004784       0x60 c:/intelfpga_lite/16.1/nios2eds/bin/gnu/h-x86_64-mingw32/bin/../lib/gcc/nios2-elf/5.3.0/../../../../../H-x86_64-mingw32/nios2-elf/lib\libc.a(lib_a-writer.o)
                0x0000000008004784                _write_r
 .text          0x00000000080047e4        0x0 c:/intelfpga_lite/16.1/nios2eds/bin/gnu/h-x86_64-mingw32/bin/../lib/gcc/nios2-elf/5.3.0/../../../../../H-x86_64-mingw32/nios2-elf/lib\libc.a(closer.o)
 .text._close_r
                0x00000000080047e4       0x54 c:/intelfpga_lite/16.1/nios2eds/bin/gnu/h-x86_64-mingw32/bin/../lib/gcc/nios2-elf/5.3.0/../../../../../H-x86_64-mingw32/nios2-elf/lib\libc.a(closer.o)
                0x00000000080047e4                _close_r
 .text          0x0000000008004838        0x0 c:/intelfpga_lite/16.1/nios2eds/bin/gnu/h-x86_64-mingw32/bin/../lib/gcc/nios2-elf/5.3.0/../../../../../H-x86_64-mingw32/nios2-elf/lib\libc.a(lib_a-fclose.o)
 .text._fclose_r
                0x0000000008004838       0xf0 c:/intelfpga_lite/16.1/nios2eds/bin/gnu/h-x86_64-mingw32/bin/../lib/gcc/nios2-elf/5.3.0/../../../../../H-x86_64-mingw32/nios2-elf/lib\libc.a(lib_a-fclose.o)
                0x0000000008004838                _fclose_r
 .text.fclose   0x0000000008004928       0x14 c:/intelfpga_lite/16.1/nios2eds/bin/gnu/h-x86_64-mingw32/bin/../lib/gcc/nios2-elf/5.3.0/../../../../../H-x86_64-mingw32/nios2-elf/lib\libc.a(lib_a-fclose.o)
                0x0000000008004928                fclose
 .text          0x000000000800493c        0x0 c:/intelfpga_lite/16.1/nios2eds/bin/gnu/h-x86_64-mingw32/bin/../lib/gcc/nios2-elf/5.3.0/../../../../../H-x86_64-mingw32/nios2-elf/lib\libc.a(lib_a-fstatr.o)
 .text._fstat_r
                0x000000000800493c       0x5c c:/intelfpga_lite/16.1/nios2eds/bin/gnu/h-x86_64-mingw32/bin/../lib/gcc/nios2-elf/5.3.0/../../../../../H-x86_64-mingw32/nios2-elf/lib\libc.a(lib_a-fstatr.o)
                0x000000000800493c                _fstat_r
 .text          0x0000000008004998        0x0 c:/intelfpga_lite/16.1/nios2eds/bin/gnu/h-x86_64-mingw32/bin/../lib/gcc/nios2-elf/5.3.0/../../../../../H-x86_64-mingw32/nios2-elf/lib\libc.a(lib_a-isattyr.o)
 .text._isatty_r
                0x0000000008004998       0x54 c:/intelfpga_lite/16.1/nios2eds/bin/gnu/h-x86_64-mingw32/bin/../lib/gcc/nios2-elf/5.3.0/../../../../../H-x86_64-mingw32/nios2-elf/lib\libc.a(lib_a-isattyr.o)
                0x0000000008004998                _isatty_r
 .text          0x00000000080049ec        0x0 c:/intelfpga_lite/16.1/nios2eds/bin/gnu/h-x86_64-mingw32/bin/../lib/gcc/nios2-elf/5.3.0/../../../../../H-x86_64-mingw32/nios2-elf/lib\libc.a(lib_a-lseekr.o)
 .text._lseek_r
                0x00000000080049ec       0x60 c:/intelfpga_lite/16.1/nios2eds/bin/gnu/h-x86_64-mingw32/bin/../lib/gcc/nios2-elf/5.3.0/../../../../../H-x86_64-mingw32/nios2-elf/lib\libc.a(lib_a-lseekr.o)
                0x00000000080049ec                _lseek_r
 .text          0x0000000008004a4c        0x0 c:/intelfpga_lite/16.1/nios2eds/bin/gnu/h-x86_64-mingw32/bin/../lib/gcc/nios2-elf/5.3.0/../../../../../H-x86_64-mingw32/nios2-elf/lib\libc.a(lib_a-readr.o)
 .text._read_r  0x0000000008004a4c       0x60 c:/intelfpga_lite/16.1/nios2eds/bin/gnu/h-x86_64-mingw32/bin/../lib/gcc/nios2-elf/5.3.0/../../../../../H-x86_64-mingw32/nios2-elf/lib\libc.a(lib_a-readr.o)
                0x0000000008004a4c                _read_r
 .text          0x0000000008004aac       0x34 ../final_project_display_v4_bsp/\libhal_bsp.a(alt_exit.o)
                0x0000000008004aac                _exit
 .text          0x0000000008004ae0       0xec ../final_project_display_v4_bsp/\libhal_bsp.a(alt_fstat.o)
                0x0000000008004b1c                fstat
 .text          0x0000000008004bcc       0xe0 ../final_project_display_v4_bsp/\libhal_bsp.a(alt_isatty.o)
                0x0000000008004c08                isatty
 .text          0x0000000008004cac      0x110 ../final_project_display_v4_bsp/\libhal_bsp.a(alt_lseek.o)
                0x0000000008004ce8                lseek
 .text          0x0000000008004dbc       0x48 ../final_project_display_v4_bsp/\libhal_bsp.a(alt_malloc_lock.o)
                0x0000000008004dbc                __malloc_lock
                0x0000000008004de0                __malloc_unlock
 .text          0x0000000008004e04      0x138 ../final_project_display_v4_bsp/\libhal_bsp.a(alt_read.o)
                0x0000000008004e40                read
 .text          0x0000000008004f3c       0xb0 ../final_project_display_v4_bsp/\libhal_bsp.a(alt_sbrk.o)
                0x0000000008004f3c                sbrk
 .text          0x0000000008004fec      0x134 ../final_project_display_v4_bsp/\libhal_bsp.a(alt_write.o)
                0x0000000008005028                write
 *(.gnu.warning.*)
 *(.fini)
                [!provide]                        PROVIDE (__etext, ABSOLUTE (.))
                [!provide]                        PROVIDE (_etext, ABSOLUTE (.))
                [!provide]                        PROVIDE (etext, ABSOLUTE (.))
 *(.eh_frame_hdr)
                0x0000000008005120                . = ALIGN (0x4)
                [!provide]                        PROVIDE (__preinit_array_start, ABSOLUTE (.))
 *(.preinit_array)
                [!provide]                        PROVIDE (__preinit_array_end, ABSOLUTE (.))
                [!provide]                        PROVIDE (__init_array_start, ABSOLUTE (.))
 *(.init_array)
                [!provide]                        PROVIDE (__init_array_end, ABSOLUTE (.))
                [!provide]                        PROVIDE (__fini_array_start, ABSOLUTE (.))
 *(.fini_array)
                [!provide]                        PROVIDE (__fini_array_end, ABSOLUTE (.))
 *(.eh_frame)
 *(.gcc_except_table .gcc_except_table.*)
 *(.dynamic)
                0x0000000008005120                PROVIDE (__CTOR_LIST__, ABSOLUTE (.))
 *(.ctors)
 *(SORT(.ctors.*))
                0x0000000008005120                PROVIDE (__CTOR_END__, ABSOLUTE (.))
                0x0000000008005120                PROVIDE (__DTOR_LIST__, ABSOLUTE (.))
 *(.dtors)
 *(SORT(.dtors.*))
                0x0000000008005120                PROVIDE (__DTOR_END__, ABSOLUTE (.))
 *(.jcr)
                0x0000000008005120                . = ALIGN (0x4)

.rodata         0x0000000008005120       0x44
                0x0000000008005120                PROVIDE (__ram_rodata_start, ABSOLUTE (.))
                0x0000000008005120                . = ALIGN (0x4)
 *(.rodata .rodata.* .gnu.linkonce.r.*)
 .rodata        0x0000000008005120        0xc obj/default/main.o
 .rodata        0x000000000800512c       0x11 ../final_project_display_v4_bsp/\libhal_bsp.a(alt_main.o)
 *fill*         0x000000000800513d        0x3 
 .rodata        0x0000000008005140       0x11 ../final_project_display_v4_bsp/\libhal_bsp.a(alt_sys_init.o)
 *fill*         0x0000000008005151        0x3 
 .rodata        0x0000000008005154        0xa ../final_project_display_v4_bsp/\libhal_bsp.a(alt_dev.o)
 *fill*         0x000000000800515e        0x2 
 .rodata.str1.4
                0x0000000008005160        0x4 c:/intelfpga_lite/16.1/nios2eds/bin/gnu/h-x86_64-mingw32/bin/../lib/gcc/nios2-elf/5.3.0/../../../../../H-x86_64-mingw32/nios2-elf/lib\libc.a(lib_a-impure.o)
                                          0x2 (size before relaxing)
 *(.rodata1)
                0x0000000008005164                . = ALIGN (0x4)
                0x0000000008005164                PROVIDE (__ram_rodata_end, ABSOLUTE (.))
                0x0000000008005120                PROVIDE (__flash_rodata_start, LOADADDR (.rodata))

.rwdata         0x0000000008005164     0x1a6c load address 0x0000000008006bd0
                0x0000000008005164                PROVIDE (__ram_rwdata_start, ABSOLUTE (.))
                0x0000000008005164                . = ALIGN (0x4)
 *(.got.plt)
 *(.got)
 *(.data1)
 *(.data .data.* .gnu.linkonce.d.*)
 .data          0x0000000008005164        0x0 ../final_project_display_v4_bsp//obj/HAL/src/crt0.o
 .data          0x0000000008005164        0x0 obj/default/main.o
 .data          0x0000000008005164        0x0 ../final_project_display_v4_bsp/\libhal_bsp.a(alt_load.o)
 .data          0x0000000008005164        0x0 ../final_project_display_v4_bsp/\libhal_bsp.a(alt_main.o)
 .data          0x0000000008005164        0x0 ../final_project_display_v4_bsp/\libhal_bsp.a(alt_printf.o)
 .data          0x0000000008005164        0x0 ../final_project_display_v4_bsp/\libhal_bsp.a(alt_putchar.o)
 .data          0x0000000008005164     0x1060 ../final_project_display_v4_bsp/\libhal_bsp.a(alt_sys_init.o)
 .data          0x00000000080061c4        0x0 ../final_project_display_v4_bsp/\libhal_bsp.a(altera_avalon_jtag_uart_fd.o)
 .data          0x00000000080061c4        0x0 ../final_project_display_v4_bsp/\libhal_bsp.a(altera_avalon_jtag_uart_init.o)
 .data          0x00000000080061c4        0x0 ../final_project_display_v4_bsp/\libhal_bsp.a(altera_avalon_jtag_uart_ioctl.o)
 .data          0x00000000080061c4        0x0 ../final_project_display_v4_bsp/\libhal_bsp.a(altera_avalon_jtag_uart_read.o)
 .data          0x00000000080061c4        0x0 ../final_project_display_v4_bsp/\libhal_bsp.a(altera_avalon_jtag_uart_write.o)
 .data          0x00000000080061c4        0x0 ../final_project_display_v4_bsp/\libhal_bsp.a(altera_avalon_timer_sc.o)
 .data          0x00000000080061c4        0x0 ../final_project_display_v4_bsp/\libhal_bsp.a(alt_alarm_start.o)
 .data          0x00000000080061c4        0x0 ../final_project_display_v4_bsp/\libhal_bsp.a(alt_close.o)
 .data          0x00000000080061c4        0x0 ../final_project_display_v4_bsp/\libhal_bsp.a(alt_dcache_flush_all.o)
 .data          0x00000000080061c4      0x1a8 ../final_project_display_v4_bsp/\libhal_bsp.a(alt_dev.o)
                0x00000000080061c4                alt_dev_null
                0x00000000080061ec                alt_fd_list
 .data          0x000000000800636c        0x0 ../final_project_display_v4_bsp/\libhal_bsp.a(alt_dev_llist_insert.o)
 .data          0x000000000800636c        0x0 ../final_project_display_v4_bsp/\libhal_bsp.a(alt_do_ctors.o)
 .data          0x000000000800636c        0x0 ../final_project_display_v4_bsp/\libhal_bsp.a(alt_do_dtors.o)
 .data          0x000000000800636c        0x0 ../final_project_display_v4_bsp/\libhal_bsp.a(alt_errno.o)
 .data          0x000000000800636c        0x0 ../final_project_display_v4_bsp/\libhal_bsp.a(alt_icache_flush_all.o)
 .data          0x000000000800636c        0x0 ../final_project_display_v4_bsp/\libhal_bsp.a(alt_iic.o)
 .data          0x000000000800636c        0x0 ../final_project_display_v4_bsp/\libhal_bsp.a(alt_iic_isr_register.o)
 .data          0x000000000800636c        0x0 ../final_project_display_v4_bsp/\libhal_bsp.a(alt_io_redirect.o)
 .data          0x000000000800636c        0x0 ../final_project_display_v4_bsp/\libhal_bsp.a(alt_irq_entry.o)
 .data          0x000000000800636c        0x0 ../final_project_display_v4_bsp/\libhal_bsp.a(alt_irq_handler.o)
 .data          0x000000000800636c        0x0 ../final_project_display_v4_bsp/\libhal_bsp.a(alt_irq_vars.o)
 .data          0x000000000800636c        0x0 ../final_project_display_v4_bsp/\libhal_bsp.a(alt_open.o)
 .data          0x000000000800636c        0x0 ../final_project_display_v4_bsp/\libhal_bsp.a(alt_release_fd.o)
 .data          0x000000000800636c        0x0 ../final_project_display_v4_bsp/\libhal_bsp.a(alt_tick.o)
 .data          0x000000000800636c        0x0 ../final_project_display_v4_bsp/\libhal_bsp.a(altera_nios2_gen2_irq.o)
 .data          0x000000000800636c        0x0 ../final_project_display_v4_bsp/\libhal_bsp.a(alt_exception_entry.o)
 .data          0x000000000800636c        0x0 ../final_project_display_v4_bsp/\libhal_bsp.a(alt_find_dev.o)
 .data          0x000000000800636c        0x0 ../final_project_display_v4_bsp/\libhal_bsp.a(alt_find_file.o)
 .data          0x000000000800636c        0x0 ../final_project_display_v4_bsp/\libhal_bsp.a(alt_get_fd.o)
 .data          0x000000000800636c        0x0 ../final_project_display_v4_bsp/\libhal_bsp.a(alt_icache_flush.o)
 .data          0x000000000800636c        0x0 ../final_project_display_v4_bsp/\libhal_bsp.a(alt_instruction_exception_entry.o)
 .data          0x000000000800636c        0x0 c:/intelfpga_lite/16.1/nios2eds/bin/gnu/h-x86_64-mingw32/bin/../lib/gcc/nios2-elf/5.3.0/../../../../../H-x86_64-mingw32/nios2-elf/lib\libc.a(lib_a-atexit.o)
 .data          0x000000000800636c        0x0 c:/intelfpga_lite/16.1/nios2eds/bin/gnu/h-x86_64-mingw32/bin/../lib/gcc/nios2-elf/5.3.0/../../../../../H-x86_64-mingw32/nios2-elf/lib\libc.a(lib_a-exit.o)
 .data          0x000000000800636c        0x0 c:/intelfpga_lite/16.1/nios2eds/bin/gnu/h-x86_64-mingw32/bin/../lib/gcc/nios2-elf/5.3.0/../../../../../H-x86_64-mingw32/nios2-elf/lib\libc.a(lib_a-impure.o)
 .data.impure_data
                0x000000000800636c      0x424 c:/intelfpga_lite/16.1/nios2eds/bin/gnu/h-x86_64-mingw32/bin/../lib/gcc/nios2-elf/5.3.0/../../../../../H-x86_64-mingw32/nios2-elf/lib\libc.a(lib_a-impure.o)
 .data          0x0000000008006790        0x0 c:/intelfpga_lite/16.1/nios2eds/bin/gnu/h-x86_64-mingw32/bin/../lib/gcc/nios2-elf/5.3.0/../../../../../H-x86_64-mingw32/nios2-elf/lib\libc.a(lib_a-int_errno.o)
 .data          0x0000000008006790        0x0 c:/intelfpga_lite/16.1/nios2eds/bin/gnu/h-x86_64-mingw32/bin/../lib/gcc/nios2-elf/5.3.0/../../../../../H-x86_64-mingw32/nios2-elf/lib\libc.a(lib_a-memcmp.o)
 .data          0x0000000008006790        0x0 c:/intelfpga_lite/16.1/nios2eds/bin/gnu/h-x86_64-mingw32/bin/../lib/gcc/nios2-elf/5.3.0/../../../../../H-x86_64-mingw32/nios2-elf/lib\libc.a(lib_a-memcpy.o)
 .data          0x0000000008006790        0x0 c:/intelfpga_lite/16.1/nios2eds/bin/gnu/h-x86_64-mingw32/bin/../lib/gcc/nios2-elf/5.3.0/../../../../../H-x86_64-mingw32/nios2-elf/lib\libc.a(lib_a-putc.o)
 .data          0x0000000008006790        0x0 c:/intelfpga_lite/16.1/nios2eds/bin/gnu/h-x86_64-mingw32/bin/../lib/gcc/nios2-elf/5.3.0/../../../../../H-x86_64-mingw32/nios2-elf/lib\libc.a(lib_a-strlen.o)
 .data          0x0000000008006790        0x0 c:/intelfpga_lite/16.1/nios2eds/bin/gnu/h-x86_64-mingw32/bin/../lib/gcc/nios2-elf/5.3.0/../../../../../H-x86_64-mingw32/nios2-elf/lib\libc.a(lib_a-wbuf.o)
 .data          0x0000000008006790        0x0 c:/intelfpga_lite/16.1/nios2eds/bin/gnu/h-x86_64-mingw32/bin/../lib/gcc/nios2-elf/5.3.0/../../../../../H-x86_64-mingw32/nios2-elf/lib\libc.a(lib_a-wsetup.o)
 .data          0x0000000008006790        0x0 c:/intelfpga_lite/16.1/nios2eds/bin/gnu/h-x86_64-mingw32/bin/../lib/gcc/nios2-elf/5.3.0/../../../../../H-x86_64-mingw32/nios2-elf/lib\libc.a(lib_a-__atexit.o)
 .data          0x0000000008006790        0x0 c:/intelfpga_lite/16.1/nios2eds/bin/gnu/h-x86_64-mingw32/bin/../lib/gcc/nios2-elf/5.3.0/../../../../../H-x86_64-mingw32/nios2-elf/lib\libc.a(lib_a-__call_atexit.o)
 .data          0x0000000008006790        0x0 c:/intelfpga_lite/16.1/nios2eds/bin/gnu/h-x86_64-mingw32/bin/../lib/gcc/nios2-elf/5.3.0/../../../../../H-x86_64-mingw32/nios2-elf/lib\libc.a(lib_a-fflush.o)
 .data          0x0000000008006790        0x0 c:/intelfpga_lite/16.1/nios2eds/bin/gnu/h-x86_64-mingw32/bin/../lib/gcc/nios2-elf/5.3.0/../../../../../H-x86_64-mingw32/nios2-elf/lib\libc.a(lib_a-findfp.o)
 .data          0x0000000008006790        0x0 c:/intelfpga_lite/16.1/nios2eds/bin/gnu/h-x86_64-mingw32/bin/../lib/gcc/nios2-elf/5.3.0/../../../../../H-x86_64-mingw32/nios2-elf/lib\libc.a(lib_a-freer.o)
 .data          0x0000000008006790        0x0 c:/intelfpga_lite/16.1/nios2eds/bin/gnu/h-x86_64-mingw32/bin/../lib/gcc/nios2-elf/5.3.0/../../../../../H-x86_64-mingw32/nios2-elf/lib\libc.a(lib_a-fwalk.o)
 .data          0x0000000008006790        0x0 c:/intelfpga_lite/16.1/nios2eds/bin/gnu/h-x86_64-mingw32/bin/../lib/gcc/nios2-elf/5.3.0/../../../../../H-x86_64-mingw32/nios2-elf/lib\libc.a(lib_a-makebuf.o)
 .data          0x0000000008006790        0x0 c:/intelfpga_lite/16.1/nios2eds/bin/gnu/h-x86_64-mingw32/bin/../lib/gcc/nios2-elf/5.3.0/../../../../../H-x86_64-mingw32/nios2-elf/lib\libc.a(lib_a-mallocr.o)
 .data.__malloc_av_
                0x0000000008006790      0x408 c:/intelfpga_lite/16.1/nios2eds/bin/gnu/h-x86_64-mingw32/bin/../lib/gcc/nios2-elf/5.3.0/../../../../../H-x86_64-mingw32/nios2-elf/lib\libc.a(lib_a-mallocr.o)
                0x0000000008006790                __malloc_av_
 .data          0x0000000008006b98        0x0 c:/intelfpga_lite/16.1/nios2eds/bin/gnu/h-x86_64-mingw32/bin/../lib/gcc/nios2-elf/5.3.0/../../../../../H-x86_64-mingw32/nios2-elf/lib\libc.a(lib_a-memset.o)
 .data          0x0000000008006b98        0x0 c:/intelfpga_lite/16.1/nios2eds/bin/gnu/h-x86_64-mingw32/bin/../lib/gcc/nios2-elf/5.3.0/../../../../../H-x86_64-mingw32/nios2-elf/lib\libc.a(lib_a-sbrkr.o)
 .data          0x0000000008006b98        0x0 c:/intelfpga_lite/16.1/nios2eds/bin/gnu/h-x86_64-mingw32/bin/../lib/gcc/nios2-elf/5.3.0/../../../../../H-x86_64-mingw32/nios2-elf/lib\libc.a(lib_a-stdio.o)
 .data          0x0000000008006b98        0x0 c:/intelfpga_lite/16.1/nios2eds/bin/gnu/h-x86_64-mingw32/bin/../lib/gcc/nios2-elf/5.3.0/../../../../../H-x86_64-mingw32/nios2-elf/lib\libc.a(lib_a-writer.o)
 .data          0x0000000008006b98        0x0 c:/intelfpga_lite/16.1/nios2eds/bin/gnu/h-x86_64-mingw32/bin/../lib/gcc/nios2-elf/5.3.0/../../../../../H-x86_64-mingw32/nios2-elf/lib\libc.a(closer.o)
 .data          0x0000000008006b98        0x0 c:/intelfpga_lite/16.1/nios2eds/bin/gnu/h-x86_64-mingw32/bin/../lib/gcc/nios2-elf/5.3.0/../../../../../H-x86_64-mingw32/nios2-elf/lib\libc.a(lib_a-fclose.o)
 .data          0x0000000008006b98        0x0 c:/intelfpga_lite/16.1/nios2eds/bin/gnu/h-x86_64-mingw32/bin/../lib/gcc/nios2-elf/5.3.0/../../../../../H-x86_64-mingw32/nios2-elf/lib\libc.a(lib_a-fstatr.o)
 .data          0x0000000008006b98        0x0 c:/intelfpga_lite/16.1/nios2eds/bin/gnu/h-x86_64-mingw32/bin/../lib/gcc/nios2-elf/5.3.0/../../../../../H-x86_64-mingw32/nios2-elf/lib\libc.a(lib_a-isattyr.o)
 .data          0x0000000008006b98        0x0 c:/intelfpga_lite/16.1/nios2eds/bin/gnu/h-x86_64-mingw32/bin/../lib/gcc/nios2-elf/5.3.0/../../../../../H-x86_64-mingw32/nios2-elf/lib\libc.a(lib_a-lseekr.o)
 .data          0x0000000008006b98        0x0 c:/intelfpga_lite/16.1/nios2eds/bin/gnu/h-x86_64-mingw32/bin/../lib/gcc/nios2-elf/5.3.0/../../../../../H-x86_64-mingw32/nios2-elf/lib\libc.a(lib_a-readr.o)
 .data          0x0000000008006b98        0x0 ../final_project_display_v4_bsp/\libhal_bsp.a(alt_exit.o)
 .data          0x0000000008006b98        0x0 ../final_project_display_v4_bsp/\libhal_bsp.a(alt_fstat.o)
 .data          0x0000000008006b98        0x0 ../final_project_display_v4_bsp/\libhal_bsp.a(alt_isatty.o)
 .data          0x0000000008006b98        0x0 ../final_project_display_v4_bsp/\libhal_bsp.a(alt_lseek.o)
 .data          0x0000000008006b98        0x0 ../final_project_display_v4_bsp/\libhal_bsp.a(alt_malloc_lock.o)
 .data          0x0000000008006b98        0x0 ../final_project_display_v4_bsp/\libhal_bsp.a(alt_read.o)
 .data          0x0000000008006b98        0x0 ../final_project_display_v4_bsp/\libhal_bsp.a(alt_sbrk.o)
 .data          0x0000000008006b98        0x0 ../final_project_display_v4_bsp/\libhal_bsp.a(alt_write.o)
                0x000000000800eb98                _gp = ABSOLUTE ((. + 0x8000))
                [!provide]                        PROVIDE (gp, _gp)
 *(.rwdata .rwdata.*)
 *(.sdata .sdata.* .gnu.linkonce.s.*)
 .sdata         0x0000000008006b98       0x14 ../final_project_display_v4_bsp/\libhal_bsp.a(alt_dev.o)
                0x0000000008006b98                alt_fs_list
                0x0000000008006ba0                alt_dev_list
                0x0000000008006ba8                alt_max_fd
 .sdata         0x0000000008006bac        0x4 ../final_project_display_v4_bsp/\libhal_bsp.a(alt_errno.o)
                0x0000000008006bac                alt_errno
 .sdata         0x0000000008006bb0        0x4 ../final_project_display_v4_bsp/\libhal_bsp.a(alt_irq_vars.o)
                0x0000000008006bb0                alt_priority_mask
 .sdata         0x0000000008006bb4        0x8 ../final_project_display_v4_bsp/\libhal_bsp.a(alt_tick.o)
                0x0000000008006bb4                alt_alarm_list
 .sdata._global_impure_ptr
                0x0000000008006bbc        0x4 c:/intelfpga_lite/16.1/nios2eds/bin/gnu/h-x86_64-mingw32/bin/../lib/gcc/nios2-elf/5.3.0/../../../../../H-x86_64-mingw32/nios2-elf/lib\libc.a(lib_a-impure.o)
                0x0000000008006bbc                _global_impure_ptr
 .sdata._impure_ptr
                0x0000000008006bc0        0x4 c:/intelfpga_lite/16.1/nios2eds/bin/gnu/h-x86_64-mingw32/bin/../lib/gcc/nios2-elf/5.3.0/../../../../../H-x86_64-mingw32/nios2-elf/lib\libc.a(lib_a-impure.o)
                0x0000000008006bc0                _impure_ptr
 .sdata.__malloc_sbrk_base
                0x0000000008006bc4        0x4 c:/intelfpga_lite/16.1/nios2eds/bin/gnu/h-x86_64-mingw32/bin/../lib/gcc/nios2-elf/5.3.0/../../../../../H-x86_64-mingw32/nios2-elf/lib\libc.a(lib_a-mallocr.o)
                0x0000000008006bc4                __malloc_sbrk_base
 .sdata.__malloc_trim_threshold
                0x0000000008006bc8        0x4 c:/intelfpga_lite/16.1/nios2eds/bin/gnu/h-x86_64-mingw32/bin/../lib/gcc/nios2-elf/5.3.0/../../../../../H-x86_64-mingw32/nios2-elf/lib\libc.a(lib_a-mallocr.o)
                0x0000000008006bc8                __malloc_trim_threshold
 .sdata         0x0000000008006bcc        0x4 ../final_project_display_v4_bsp/\libhal_bsp.a(alt_sbrk.o)
 *(.sdata2 .sdata2.* .gnu.linkonce.s2.*)
                0x0000000008006bd0                . = ALIGN (0x4)
                0x0000000008006bd0                _edata = ABSOLUTE (.)
                [!provide]                        PROVIDE (edata, ABSOLUTE (.))
                0x0000000008006bd0                PROVIDE (__ram_rwdata_end, ABSOLUTE (.))
                0x0000000008006bd0                PROVIDE (__flash_rwdata_start, LOADADDR (.rwdata))

.bss            0x000000000800863c      0x154
                0x000000000800863c                __bss_start = ABSOLUTE (.)
                [!provide]                        PROVIDE (__sbss_start, ABSOLUTE (.))
                [!provide]                        PROVIDE (___sbss_start, ABSOLUTE (.))
 *(.dynsbss)
 *(.sbss .sbss.* .gnu.linkonce.sb.*)
 .sbss          0x000000000800863c        0xc ../final_project_display_v4_bsp/\libhal_bsp.a(alt_main.o)
                0x000000000800863c                alt_argc
                0x0000000008008640                alt_argv
                0x0000000008008644                alt_envp
 .sbss          0x0000000008008648        0x4 ../final_project_display_v4_bsp/\libhal_bsp.a(alt_irq_vars.o)
                0x0000000008008648                alt_irq_active
 .sbss          0x000000000800864c        0x8 ../final_project_display_v4_bsp/\libhal_bsp.a(alt_tick.o)
                0x000000000800864c                _alt_tick_rate
                0x0000000008008650                _alt_nticks
 .sbss          0x0000000008008654        0x4 ../final_project_display_v4_bsp/\libhal_bsp.a(alt_instruction_exception_entry.o)
                0x0000000008008654                alt_instruction_exception_handler
 .sbss          0x0000000008008658        0x4 c:/intelfpga_lite/16.1/nios2eds/bin/gnu/h-x86_64-mingw32/bin/../lib/gcc/nios2-elf/5.3.0/../../../../../H-x86_64-mingw32/nios2-elf/lib\libc.a(lib_a-int_errno.o)
                0x0000000008008658                errno
 .sbss.__malloc_max_total_mem
                0x000000000800865c        0x4 c:/intelfpga_lite/16.1/nios2eds/bin/gnu/h-x86_64-mingw32/bin/../lib/gcc/nios2-elf/5.3.0/../../../../../H-x86_64-mingw32/nios2-elf/lib\libc.a(lib_a-mallocr.o)
                0x000000000800865c                __malloc_max_total_mem
 .sbss.__malloc_max_sbrked_mem
                0x0000000008008660        0x4 c:/intelfpga_lite/16.1/nios2eds/bin/gnu/h-x86_64-mingw32/bin/../lib/gcc/nios2-elf/5.3.0/../../../../../H-x86_64-mingw32/nios2-elf/lib\libc.a(lib_a-mallocr.o)
                0x0000000008008660                __malloc_max_sbrked_mem
 .sbss.__malloc_top_pad
                0x0000000008008664        0x4 c:/intelfpga_lite/16.1/nios2eds/bin/gnu/h-x86_64-mingw32/bin/../lib/gcc/nios2-elf/5.3.0/../../../../../H-x86_64-mingw32/nios2-elf/lib\libc.a(lib_a-mallocr.o)
                0x0000000008008664                __malloc_top_pad
 *(.sbss2 .sbss2.* .gnu.linkonce.sb2.*)
 *(.scommon)
                [!provide]                        PROVIDE (__sbss_end, ABSOLUTE (.))
                [!provide]                        PROVIDE (___sbss_end, ABSOLUTE (.))
 *(.dynbss)
 *(.bss .bss.* .gnu.linkonce.b.*)
 .bss           0x0000000008008668        0x0 ../final_project_display_v4_bsp//obj/HAL/src/crt0.o
 .bss           0x0000000008008668        0x0 obj/default/main.o
 .bss           0x0000000008008668        0x0 ../final_project_display_v4_bsp/\libhal_bsp.a(alt_load.o)
 .bss           0x0000000008008668        0x0 ../final_project_display_v4_bsp/\libhal_bsp.a(alt_main.o)
 .bss           0x0000000008008668        0x0 ../final_project_display_v4_bsp/\libhal_bsp.a(alt_printf.o)
 .bss           0x0000000008008668        0x0 ../final_project_display_v4_bsp/\libhal_bsp.a(alt_putchar.o)
 .bss           0x0000000008008668        0x0 ../final_project_display_v4_bsp/\libhal_bsp.a(alt_sys_init.o)
 .bss           0x0000000008008668        0x0 ../final_project_display_v4_bsp/\libhal_bsp.a(altera_avalon_jtag_uart_fd.o)
 .bss           0x0000000008008668        0x0 ../final_project_display_v4_bsp/\libhal_bsp.a(altera_avalon_jtag_uart_init.o)
 .bss           0x0000000008008668        0x0 ../final_project_display_v4_bsp/\libhal_bsp.a(altera_avalon_jtag_uart_ioctl.o)
 .bss           0x0000000008008668        0x0 ../final_project_display_v4_bsp/\libhal_bsp.a(altera_avalon_jtag_uart_read.o)
 .bss           0x0000000008008668        0x0 ../final_project_display_v4_bsp/\libhal_bsp.a(altera_avalon_jtag_uart_write.o)
 .bss           0x0000000008008668        0x0 ../final_project_display_v4_bsp/\libhal_bsp.a(altera_avalon_timer_sc.o)
 .bss           0x0000000008008668        0x0 ../final_project_display_v4_bsp/\libhal_bsp.a(alt_alarm_start.o)
 .bss           0x0000000008008668        0x0 ../final_project_display_v4_bsp/\libhal_bsp.a(alt_close.o)
 .bss           0x0000000008008668        0x0 ../final_project_display_v4_bsp/\libhal_bsp.a(alt_dcache_flush_all.o)
 .bss           0x0000000008008668        0x0 ../final_project_display_v4_bsp/\libhal_bsp.a(alt_dev.o)
 .bss           0x0000000008008668        0x0 ../final_project_display_v4_bsp/\libhal_bsp.a(alt_dev_llist_insert.o)
 .bss           0x0000000008008668        0x0 ../final_project_display_v4_bsp/\libhal_bsp.a(alt_do_ctors.o)
 .bss           0x0000000008008668        0x0 ../final_project_display_v4_bsp/\libhal_bsp.a(alt_do_dtors.o)
 .bss           0x0000000008008668        0x0 ../final_project_display_v4_bsp/\libhal_bsp.a(alt_errno.o)
 .bss           0x0000000008008668        0x0 ../final_project_display_v4_bsp/\libhal_bsp.a(alt_icache_flush_all.o)
 .bss           0x0000000008008668        0x0 ../final_project_display_v4_bsp/\libhal_bsp.a(alt_iic.o)
 .bss           0x0000000008008668        0x0 ../final_project_display_v4_bsp/\libhal_bsp.a(alt_iic_isr_register.o)
 .bss           0x0000000008008668        0x0 ../final_project_display_v4_bsp/\libhal_bsp.a(alt_io_redirect.o)
 .bss           0x0000000008008668        0x0 ../final_project_display_v4_bsp/\libhal_bsp.a(alt_irq_entry.o)
 .bss           0x0000000008008668        0x0 ../final_project_display_v4_bsp/\libhal_bsp.a(alt_irq_handler.o)
 .bss           0x0000000008008668        0x0 ../final_project_display_v4_bsp/\libhal_bsp.a(alt_irq_vars.o)
 .bss           0x0000000008008668        0x0 ../final_project_display_v4_bsp/\libhal_bsp.a(alt_open.o)
 .bss           0x0000000008008668        0x0 ../final_project_display_v4_bsp/\libhal_bsp.a(alt_release_fd.o)
 .bss           0x0000000008008668        0x0 ../final_project_display_v4_bsp/\libhal_bsp.a(alt_tick.o)
 .bss           0x0000000008008668        0x0 ../final_project_display_v4_bsp/\libhal_bsp.a(altera_nios2_gen2_irq.o)
 .bss           0x0000000008008668        0x0 ../final_project_display_v4_bsp/\libhal_bsp.a(alt_exception_entry.o)
 .bss           0x0000000008008668        0x0 ../final_project_display_v4_bsp/\libhal_bsp.a(alt_find_dev.o)
 .bss           0x0000000008008668        0x0 ../final_project_display_v4_bsp/\libhal_bsp.a(alt_find_file.o)
 .bss           0x0000000008008668        0x0 ../final_project_display_v4_bsp/\libhal_bsp.a(alt_get_fd.o)
 .bss           0x0000000008008668        0x0 ../final_project_display_v4_bsp/\libhal_bsp.a(alt_icache_flush.o)
 .bss           0x0000000008008668        0x0 ../final_project_display_v4_bsp/\libhal_bsp.a(alt_instruction_exception_entry.o)
 .bss           0x0000000008008668        0x0 c:/intelfpga_lite/16.1/nios2eds/bin/gnu/h-x86_64-mingw32/bin/../lib/gcc/nios2-elf/5.3.0/../../../../../H-x86_64-mingw32/nios2-elf/lib\libc.a(lib_a-atexit.o)
 .bss           0x0000000008008668        0x0 c:/intelfpga_lite/16.1/nios2eds/bin/gnu/h-x86_64-mingw32/bin/../lib/gcc/nios2-elf/5.3.0/../../../../../H-x86_64-mingw32/nios2-elf/lib\libc.a(lib_a-exit.o)
 .bss           0x0000000008008668        0x0 c:/intelfpga_lite/16.1/nios2eds/bin/gnu/h-x86_64-mingw32/bin/../lib/gcc/nios2-elf/5.3.0/../../../../../H-x86_64-mingw32/nios2-elf/lib\libc.a(lib_a-impure.o)
 .bss           0x0000000008008668        0x0 c:/intelfpga_lite/16.1/nios2eds/bin/gnu/h-x86_64-mingw32/bin/../lib/gcc/nios2-elf/5.3.0/../../../../../H-x86_64-mingw32/nios2-elf/lib\libc.a(lib_a-int_errno.o)
 .bss           0x0000000008008668        0x0 c:/intelfpga_lite/16.1/nios2eds/bin/gnu/h-x86_64-mingw32/bin/../lib/gcc/nios2-elf/5.3.0/../../../../../H-x86_64-mingw32/nios2-elf/lib\libc.a(lib_a-memcmp.o)
 .bss           0x0000000008008668        0x0 c:/intelfpga_lite/16.1/nios2eds/bin/gnu/h-x86_64-mingw32/bin/../lib/gcc/nios2-elf/5.3.0/../../../../../H-x86_64-mingw32/nios2-elf/lib\libc.a(lib_a-memcpy.o)
 .bss           0x0000000008008668        0x0 c:/intelfpga_lite/16.1/nios2eds/bin/gnu/h-x86_64-mingw32/bin/../lib/gcc/nios2-elf/5.3.0/../../../../../H-x86_64-mingw32/nios2-elf/lib\libc.a(lib_a-putc.o)
 .bss           0x0000000008008668        0x0 c:/intelfpga_lite/16.1/nios2eds/bin/gnu/h-x86_64-mingw32/bin/../lib/gcc/nios2-elf/5.3.0/../../../../../H-x86_64-mingw32/nios2-elf/lib\libc.a(lib_a-strlen.o)
 .bss           0x0000000008008668        0x0 c:/intelfpga_lite/16.1/nios2eds/bin/gnu/h-x86_64-mingw32/bin/../lib/gcc/nios2-elf/5.3.0/../../../../../H-x86_64-mingw32/nios2-elf/lib\libc.a(lib_a-wbuf.o)
 .bss           0x0000000008008668        0x0 c:/intelfpga_lite/16.1/nios2eds/bin/gnu/h-x86_64-mingw32/bin/../lib/gcc/nios2-elf/5.3.0/../../../../../H-x86_64-mingw32/nios2-elf/lib\libc.a(lib_a-wsetup.o)
 .bss           0x0000000008008668        0x0 c:/intelfpga_lite/16.1/nios2eds/bin/gnu/h-x86_64-mingw32/bin/../lib/gcc/nios2-elf/5.3.0/../../../../../H-x86_64-mingw32/nios2-elf/lib\libc.a(lib_a-__atexit.o)
 .bss           0x0000000008008668        0x0 c:/intelfpga_lite/16.1/nios2eds/bin/gnu/h-x86_64-mingw32/bin/../lib/gcc/nios2-elf/5.3.0/../../../../../H-x86_64-mingw32/nios2-elf/lib\libc.a(lib_a-__call_atexit.o)
 .bss           0x0000000008008668        0x0 c:/intelfpga_lite/16.1/nios2eds/bin/gnu/h-x86_64-mingw32/bin/../lib/gcc/nios2-elf/5.3.0/../../../../../H-x86_64-mingw32/nios2-elf/lib\libc.a(lib_a-fflush.o)
 .bss           0x0000000008008668        0x0 c:/intelfpga_lite/16.1/nios2eds/bin/gnu/h-x86_64-mingw32/bin/../lib/gcc/nios2-elf/5.3.0/../../../../../H-x86_64-mingw32/nios2-elf/lib\libc.a(lib_a-findfp.o)
 .bss           0x0000000008008668        0x0 c:/intelfpga_lite/16.1/nios2eds/bin/gnu/h-x86_64-mingw32/bin/../lib/gcc/nios2-elf/5.3.0/../../../../../H-x86_64-mingw32/nios2-elf/lib\libc.a(lib_a-freer.o)
 .bss           0x0000000008008668        0x0 c:/intelfpga_lite/16.1/nios2eds/bin/gnu/h-x86_64-mingw32/bin/../lib/gcc/nios2-elf/5.3.0/../../../../../H-x86_64-mingw32/nios2-elf/lib\libc.a(lib_a-fwalk.o)
 .bss           0x0000000008008668        0x0 c:/intelfpga_lite/16.1/nios2eds/bin/gnu/h-x86_64-mingw32/bin/../lib/gcc/nios2-elf/5.3.0/../../../../../H-x86_64-mingw32/nios2-elf/lib\libc.a(lib_a-makebuf.o)
 .bss           0x0000000008008668        0x0 c:/intelfpga_lite/16.1/nios2eds/bin/gnu/h-x86_64-mingw32/bin/../lib/gcc/nios2-elf/5.3.0/../../../../../H-x86_64-mingw32/nios2-elf/lib\libc.a(lib_a-mallocr.o)
 .bss.__malloc_current_mallinfo
                0x0000000008008668       0x28 c:/intelfpga_lite/16.1/nios2eds/bin/gnu/h-x86_64-mingw32/bin/../lib/gcc/nios2-elf/5.3.0/../../../../../H-x86_64-mingw32/nios2-elf/lib\libc.a(lib_a-mallocr.o)
                0x0000000008008668                __malloc_current_mallinfo
 .bss           0x0000000008008690        0x0 c:/intelfpga_lite/16.1/nios2eds/bin/gnu/h-x86_64-mingw32/bin/../lib/gcc/nios2-elf/5.3.0/../../../../../H-x86_64-mingw32/nios2-elf/lib\libc.a(lib_a-memset.o)
 .bss           0x0000000008008690        0x0 c:/intelfpga_lite/16.1/nios2eds/bin/gnu/h-x86_64-mingw32/bin/../lib/gcc/nios2-elf/5.3.0/../../../../../H-x86_64-mingw32/nios2-elf/lib\libc.a(lib_a-sbrkr.o)
 .bss           0x0000000008008690        0x0 c:/intelfpga_lite/16.1/nios2eds/bin/gnu/h-x86_64-mingw32/bin/../lib/gcc/nios2-elf/5.3.0/../../../../../H-x86_64-mingw32/nios2-elf/lib\libc.a(lib_a-stdio.o)
 .bss           0x0000000008008690        0x0 c:/intelfpga_lite/16.1/nios2eds/bin/gnu/h-x86_64-mingw32/bin/../lib/gcc/nios2-elf/5.3.0/../../../../../H-x86_64-mingw32/nios2-elf/lib\libc.a(lib_a-writer.o)
 .bss           0x0000000008008690        0x0 c:/intelfpga_lite/16.1/nios2eds/bin/gnu/h-x86_64-mingw32/bin/../lib/gcc/nios2-elf/5.3.0/../../../../../H-x86_64-mingw32/nios2-elf/lib\libc.a(closer.o)
 .bss           0x0000000008008690        0x0 c:/intelfpga_lite/16.1/nios2eds/bin/gnu/h-x86_64-mingw32/bin/../lib/gcc/nios2-elf/5.3.0/../../../../../H-x86_64-mingw32/nios2-elf/lib\libc.a(lib_a-fclose.o)
 .bss           0x0000000008008690        0x0 c:/intelfpga_lite/16.1/nios2eds/bin/gnu/h-x86_64-mingw32/bin/../lib/gcc/nios2-elf/5.3.0/../../../../../H-x86_64-mingw32/nios2-elf/lib\libc.a(lib_a-fstatr.o)
 .bss           0x0000000008008690        0x0 c:/intelfpga_lite/16.1/nios2eds/bin/gnu/h-x86_64-mingw32/bin/../lib/gcc/nios2-elf/5.3.0/../../../../../H-x86_64-mingw32/nios2-elf/lib\libc.a(lib_a-isattyr.o)
 .bss           0x0000000008008690        0x0 c:/intelfpga_lite/16.1/nios2eds/bin/gnu/h-x86_64-mingw32/bin/../lib/gcc/nios2-elf/5.3.0/../../../../../H-x86_64-mingw32/nios2-elf/lib\libc.a(lib_a-lseekr.o)
 .bss           0x0000000008008690        0x0 c:/intelfpga_lite/16.1/nios2eds/bin/gnu/h-x86_64-mingw32/bin/../lib/gcc/nios2-elf/5.3.0/../../../../../H-x86_64-mingw32/nios2-elf/lib\libc.a(lib_a-readr.o)
 .bss           0x0000000008008690        0x0 ../final_project_display_v4_bsp/\libhal_bsp.a(alt_exit.o)
 .bss           0x0000000008008690        0x0 ../final_project_display_v4_bsp/\libhal_bsp.a(alt_fstat.o)
 .bss           0x0000000008008690        0x0 ../final_project_display_v4_bsp/\libhal_bsp.a(alt_isatty.o)
 .bss           0x0000000008008690        0x0 ../final_project_display_v4_bsp/\libhal_bsp.a(alt_lseek.o)
 .bss           0x0000000008008690        0x0 ../final_project_display_v4_bsp/\libhal_bsp.a(alt_malloc_lock.o)
 .bss           0x0000000008008690        0x0 ../final_project_display_v4_bsp/\libhal_bsp.a(alt_read.o)
 .bss           0x0000000008008690        0x0 ../final_project_display_v4_bsp/\libhal_bsp.a(alt_sbrk.o)
 .bss           0x0000000008008690        0x0 ../final_project_display_v4_bsp/\libhal_bsp.a(alt_write.o)
 *(COMMON)
 COMMON         0x0000000008008690      0x100 ../final_project_display_v4_bsp/\libhal_bsp.a(alt_irq_handler.o)
                0x0000000008008690                alt_irq
                0x0000000008008790                . = ALIGN (0x4)
                0x0000000008008790                __bss_end = ABSOLUTE (.)

.onchip_memory2_0
                0x0000000000000000        0x0 load address 0x0000000008008790
                [!provide]                        PROVIDE (_alt_partition_onchip_memory2_0_start, ABSOLUTE (.))
 *(.onchip_memory2_0 .onchip_memory2_0. onchip_memory2_0.*)
                0x0000000000000000                . = ALIGN (0x4)
                [!provide]                        PROVIDE (_alt_partition_onchip_memory2_0_end, ABSOLUTE (.))
                [!provide]                        PROVIDE (_alt_partition_onchip_memory2_0_load_addr, LOADADDR (.onchip_memory2_0))

.new_sdram_controller_0
                0x0000000008008790        0x0
                [!provide]                        PROVIDE (_alt_partition_new_sdram_controller_0_start, ABSOLUTE (.))
 *(.new_sdram_controller_0 .new_sdram_controller_0. new_sdram_controller_0.*)
                0x0000000008008790                . = ALIGN (0x4)
                [!provide]                        PROVIDE (_alt_partition_new_sdram_controller_0_end, ABSOLUTE (.))
                0x0000000008008790                _end = ABSOLUTE (.)
                0x0000000008008790                end = ABSOLUTE (.)
                0x0000000008008790                __alt_stack_base = ABSOLUTE (.)
                [!provide]                        PROVIDE (_alt_partition_new_sdram_controller_0_load_addr, LOADADDR (.new_sdram_controller_0))

.stab
 *(.stab)

.stabstr
 *(.stabstr)

.stab.excl
 *(.stab.excl)

.stab.exclstr
 *(.stab.exclstr)

.stab.index
 *(.stab.index)

.stab.indexstr
 *(.stab.indexstr)

.comment        0x0000000000000000       0x23
 *(.comment)
 .comment       0x0000000000000000       0x23 obj/default/main.o
                                         0x24 (size before relaxing)
 .comment       0x0000000000000023       0x24 ../final_project_display_v4_bsp/\libhal_bsp.a(alt_load.o)
 .comment       0x0000000000000023       0x24 ../final_project_display_v4_bsp/\libhal_bsp.a(alt_main.o)
 .comment       0x0000000000000023       0x24 ../final_project_display_v4_bsp/\libhal_bsp.a(alt_printf.o)
 .comment       0x0000000000000023       0x24 ../final_project_display_v4_bsp/\libhal_bsp.a(alt_putchar.o)
 .comment       0x0000000000000023       0x24 ../final_project_display_v4_bsp/\libhal_bsp.a(alt_sys_init.o)
 .comment       0x0000000000000023       0x24 ../final_project_display_v4_bsp/\libhal_bsp.a(altera_avalon_jtag_uart_fd.o)
 .comment       0x0000000000000023       0x24 ../final_project_display_v4_bsp/\libhal_bsp.a(altera_avalon_jtag_uart_init.o)
 .comment       0x0000000000000023       0x24 ../final_project_display_v4_bsp/\libhal_bsp.a(altera_avalon_jtag_uart_ioctl.o)
 .comment       0x0000000000000023       0x24 ../final_project_display_v4_bsp/\libhal_bsp.a(altera_avalon_jtag_uart_read.o)
 .comment       0x0000000000000023       0x24 ../final_project_display_v4_bsp/\libhal_bsp.a(altera_avalon_jtag_uart_write.o)
 .comment       0x0000000000000023       0x24 ../final_project_display_v4_bsp/\libhal_bsp.a(altera_avalon_timer_sc.o)
 .comment       0x0000000000000023       0x24 ../final_project_display_v4_bsp/\libhal_bsp.a(alt_alarm_start.o)
 .comment       0x0000000000000023       0x24 ../final_project_display_v4_bsp/\libhal_bsp.a(alt_close.o)
 .comment       0x0000000000000023       0x24 ../final_project_display_v4_bsp/\libhal_bsp.a(alt_dcache_flush_all.o)
 .comment       0x0000000000000023       0x24 ../final_project_display_v4_bsp/\libhal_bsp.a(alt_dev.o)
 .comment       0x0000000000000023       0x24 ../final_project_display_v4_bsp/\libhal_bsp.a(alt_dev_llist_insert.o)
 .comment       0x0000000000000023       0x24 ../final_project_display_v4_bsp/\libhal_bsp.a(alt_do_ctors.o)
 .comment       0x0000000000000023       0x24 ../final_project_display_v4_bsp/\libhal_bsp.a(alt_do_dtors.o)
 .comment       0x0000000000000023       0x24 ../final_project_display_v4_bsp/\libhal_bsp.a(alt_errno.o)
 .comment       0x0000000000000023       0x24 ../final_project_display_v4_bsp/\libhal_bsp.a(alt_icache_flush_all.o)
 .comment       0x0000000000000023       0x24 ../final_project_display_v4_bsp/\libhal_bsp.a(alt_iic.o)
 .comment       0x0000000000000023       0x24 ../final_project_display_v4_bsp/\libhal_bsp.a(alt_iic_isr_register.o)
 .comment       0x0000000000000023       0x24 ../final_project_display_v4_bsp/\libhal_bsp.a(alt_io_redirect.o)
 .comment       0x0000000000000023       0x24 ../final_project_display_v4_bsp/\libhal_bsp.a(alt_irq_handler.o)
 .comment       0x0000000000000023       0x24 ../final_project_display_v4_bsp/\libhal_bsp.a(alt_irq_vars.o)
 .comment       0x0000000000000023       0x24 ../final_project_display_v4_bsp/\libhal_bsp.a(alt_open.o)
 .comment       0x0000000000000023       0x24 ../final_project_display_v4_bsp/\libhal_bsp.a(alt_release_fd.o)
 .comment       0x0000000000000023       0x24 ../final_project_display_v4_bsp/\libhal_bsp.a(alt_tick.o)
 .comment       0x0000000000000023       0x24 ../final_project_display_v4_bsp/\libhal_bsp.a(altera_nios2_gen2_irq.o)
 .comment       0x0000000000000023       0x24 ../final_project_display_v4_bsp/\libhal_bsp.a(alt_find_dev.o)
 .comment       0x0000000000000023       0x24 ../final_project_display_v4_bsp/\libhal_bsp.a(alt_find_file.o)
 .comment       0x0000000000000023       0x24 ../final_project_display_v4_bsp/\libhal_bsp.a(alt_get_fd.o)
 .comment       0x0000000000000023       0x24 ../final_project_display_v4_bsp/\libhal_bsp.a(alt_icache_flush.o)
 .comment       0x0000000000000023       0x24 ../final_project_display_v4_bsp/\libhal_bsp.a(alt_instruction_exception_entry.o)
 .comment       0x0000000000000023       0x24 c:/intelfpga_lite/16.1/nios2eds/bin/gnu/h-x86_64-mingw32/bin/../lib/gcc/nios2-elf/5.3.0/../../../../../H-x86_64-mingw32/nios2-elf/lib\libc.a(lib_a-atexit.o)
 .comment       0x0000000000000023       0x24 c:/intelfpga_lite/16.1/nios2eds/bin/gnu/h-x86_64-mingw32/bin/../lib/gcc/nios2-elf/5.3.0/../../../../../H-x86_64-mingw32/nios2-elf/lib\libc.a(lib_a-exit.o)
 .comment       0x0000000000000023       0x24 c:/intelfpga_lite/16.1/nios2eds/bin/gnu/h-x86_64-mingw32/bin/../lib/gcc/nios2-elf/5.3.0/../../../../../H-x86_64-mingw32/nios2-elf/lib\libc.a(lib_a-impure.o)
 .comment       0x0000000000000023       0x24 c:/intelfpga_lite/16.1/nios2eds/bin/gnu/h-x86_64-mingw32/bin/../lib/gcc/nios2-elf/5.3.0/../../../../../H-x86_64-mingw32/nios2-elf/lib\libc.a(lib_a-int_errno.o)
 .comment       0x0000000000000023       0x24 c:/intelfpga_lite/16.1/nios2eds/bin/gnu/h-x86_64-mingw32/bin/../lib/gcc/nios2-elf/5.3.0/../../../../../H-x86_64-mingw32/nios2-elf/lib\libc.a(lib_a-memcmp.o)
 .comment       0x0000000000000023       0x24 c:/intelfpga_lite/16.1/nios2eds/bin/gnu/h-x86_64-mingw32/bin/../lib/gcc/nios2-elf/5.3.0/../../../../../H-x86_64-mingw32/nios2-elf/lib\libc.a(lib_a-memcpy.o)
 .comment       0x0000000000000023       0x24 c:/intelfpga_lite/16.1/nios2eds/bin/gnu/h-x86_64-mingw32/bin/../lib/gcc/nios2-elf/5.3.0/../../../../../H-x86_64-mingw32/nios2-elf/lib\libc.a(lib_a-putc.o)
 .comment       0x0000000000000023       0x24 c:/intelfpga_lite/16.1/nios2eds/bin/gnu/h-x86_64-mingw32/bin/../lib/gcc/nios2-elf/5.3.0/../../../../../H-x86_64-mingw32/nios2-elf/lib\libc.a(lib_a-strlen.o)
 .comment       0x0000000000000023       0x24 c:/intelfpga_lite/16.1/nios2eds/bin/gnu/h-x86_64-mingw32/bin/../lib/gcc/nios2-elf/5.3.0/../../../../../H-x86_64-mingw32/nios2-elf/lib\libc.a(lib_a-wbuf.o)
 .comment       0x0000000000000023       0x24 c:/intelfpga_lite/16.1/nios2eds/bin/gnu/h-x86_64-mingw32/bin/../lib/gcc/nios2-elf/5.3.0/../../../../../H-x86_64-mingw32/nios2-elf/lib\libc.a(lib_a-wsetup.o)
 .comment       0x0000000000000023       0x24 c:/intelfpga_lite/16.1/nios2eds/bin/gnu/h-x86_64-mingw32/bin/../lib/gcc/nios2-elf/5.3.0/../../../../../H-x86_64-mingw32/nios2-elf/lib\libc.a(lib_a-__atexit.o)
 .comment       0x0000000000000023       0x24 c:/intelfpga_lite/16.1/nios2eds/bin/gnu/h-x86_64-mingw32/bin/../lib/gcc/nios2-elf/5.3.0/../../../../../H-x86_64-mingw32/nios2-elf/lib\libc.a(lib_a-__call_atexit.o)
 .comment       0x0000000000000023       0x24 c:/intelfpga_lite/16.1/nios2eds/bin/gnu/h-x86_64-mingw32/bin/../lib/gcc/nios2-elf/5.3.0/../../../../../H-x86_64-mingw32/nios2-elf/lib\libc.a(lib_a-fflush.o)
 .comment       0x0000000000000023       0x24 c:/intelfpga_lite/16.1/nios2eds/bin/gnu/h-x86_64-mingw32/bin/../lib/gcc/nios2-elf/5.3.0/../../../../../H-x86_64-mingw32/nios2-elf/lib\libc.a(lib_a-findfp.o)
 .comment       0x0000000000000023       0x24 c:/intelfpga_lite/16.1/nios2eds/bin/gnu/h-x86_64-mingw32/bin/../lib/gcc/nios2-elf/5.3.0/../../../../../H-x86_64-mingw32/nios2-elf/lib\libc.a(lib_a-freer.o)
 .comment       0x0000000000000023       0x24 c:/intelfpga_lite/16.1/nios2eds/bin/gnu/h-x86_64-mingw32/bin/../lib/gcc/nios2-elf/5.3.0/../../../../../H-x86_64-mingw32/nios2-elf/lib\libc.a(lib_a-fwalk.o)
 .comment       0x0000000000000023       0x24 c:/intelfpga_lite/16.1/nios2eds/bin/gnu/h-x86_64-mingw32/bin/../lib/gcc/nios2-elf/5.3.0/../../../../../H-x86_64-mingw32/nios2-elf/lib\libc.a(lib_a-makebuf.o)
 .comment       0x0000000000000023       0x24 c:/intelfpga_lite/16.1/nios2eds/bin/gnu/h-x86_64-mingw32/bin/../lib/gcc/nios2-elf/5.3.0/../../../../../H-x86_64-mingw32/nios2-elf/lib\libc.a(lib_a-mallocr.o)
 .comment       0x0000000000000023       0x24 c:/intelfpga_lite/16.1/nios2eds/bin/gnu/h-x86_64-mingw32/bin/../lib/gcc/nios2-elf/5.3.0/../../../../../H-x86_64-mingw32/nios2-elf/lib\libc.a(lib_a-memset.o)
 .comment       0x0000000000000023       0x24 c:/intelfpga_lite/16.1/nios2eds/bin/gnu/h-x86_64-mingw32/bin/../lib/gcc/nios2-elf/5.3.0/../../../../../H-x86_64-mingw32/nios2-elf/lib\libc.a(lib_a-sbrkr.o)
 .comment       0x0000000000000023       0x24 c:/intelfpga_lite/16.1/nios2eds/bin/gnu/h-x86_64-mingw32/bin/../lib/gcc/nios2-elf/5.3.0/../../../../../H-x86_64-mingw32/nios2-elf/lib\libc.a(lib_a-stdio.o)
 .comment       0x0000000000000023       0x24 c:/intelfpga_lite/16.1/nios2eds/bin/gnu/h-x86_64-mingw32/bin/../lib/gcc/nios2-elf/5.3.0/../../../../../H-x86_64-mingw32/nios2-elf/lib\libc.a(lib_a-writer.o)
 .comment       0x0000000000000023       0x24 c:/intelfpga_lite/16.1/nios2eds/bin/gnu/h-x86_64-mingw32/bin/../lib/gcc/nios2-elf/5.3.0/../../../../../H-x86_64-mingw32/nios2-elf/lib\libc.a(closer.o)
 .comment       0x0000000000000023       0x24 c:/intelfpga_lite/16.1/nios2eds/bin/gnu/h-x86_64-mingw32/bin/../lib/gcc/nios2-elf/5.3.0/../../../../../H-x86_64-mingw32/nios2-elf/lib\libc.a(lib_a-fclose.o)
 .comment       0x0000000000000023       0x24 c:/intelfpga_lite/16.1/nios2eds/bin/gnu/h-x86_64-mingw32/bin/../lib/gcc/nios2-elf/5.3.0/../../../../../H-x86_64-mingw32/nios2-elf/lib\libc.a(lib_a-fstatr.o)
 .comment       0x0000000000000023       0x24 c:/intelfpga_lite/16.1/nios2eds/bin/gnu/h-x86_64-mingw32/bin/../lib/gcc/nios2-elf/5.3.0/../../../../../H-x86_64-mingw32/nios2-elf/lib\libc.a(lib_a-isattyr.o)
 .comment       0x0000000000000023       0x24 c:/intelfpga_lite/16.1/nios2eds/bin/gnu/h-x86_64-mingw32/bin/../lib/gcc/nios2-elf/5.3.0/../../../../../H-x86_64-mingw32/nios2-elf/lib\libc.a(lib_a-lseekr.o)
 .comment       0x0000000000000023       0x24 c:/intelfpga_lite/16.1/nios2eds/bin/gnu/h-x86_64-mingw32/bin/../lib/gcc/nios2-elf/5.3.0/../../../../../H-x86_64-mingw32/nios2-elf/lib\libc.a(lib_a-readr.o)
 .comment       0x0000000000000023       0x24 ../final_project_display_v4_bsp/\libhal_bsp.a(alt_exit.o)
 .comment       0x0000000000000023       0x24 ../final_project_display_v4_bsp/\libhal_bsp.a(alt_fstat.o)
 .comment       0x0000000000000023       0x24 ../final_project_display_v4_bsp/\libhal_bsp.a(alt_isatty.o)
 .comment       0x0000000000000023       0x24 ../final_project_display_v4_bsp/\libhal_bsp.a(alt_lseek.o)
 .comment       0x0000000000000023       0x24 ../final_project_display_v4_bsp/\libhal_bsp.a(alt_malloc_lock.o)
 .comment       0x0000000000000023       0x24 ../final_project_display_v4_bsp/\libhal_bsp.a(alt_read.o)
 .comment       0x0000000000000023       0x24 ../final_project_display_v4_bsp/\libhal_bsp.a(alt_sbrk.o)
 .comment       0x0000000000000023       0x24 ../final_project_display_v4_bsp/\libhal_bsp.a(alt_write.o)

.debug
 *(.debug)

.line
 *(.line)

.debug_srcinfo
 *(.debug_srcinfo)

.debug_sfnames
 *(.debug_sfnames)

.debug_aranges  0x0000000000000000      0x9f8
 *(.debug_aranges)
 .debug_aranges
                0x0000000000000000       0x28 ../final_project_display_v4_bsp//obj/HAL/src/crt0.o
 .debug_aranges
                0x0000000000000028       0x20 obj/default/main.o
 .debug_aranges
                0x0000000000000048       0x20 ../final_project_display_v4_bsp/\libhal_bsp.a(alt_load.o)
 .debug_aranges
                0x0000000000000068       0x20 ../final_project_display_v4_bsp/\libhal_bsp.a(alt_main.o)
 .debug_aranges
                0x0000000000000088       0x20 ../final_project_display_v4_bsp/\libhal_bsp.a(alt_printf.o)
 .debug_aranges
                0x00000000000000a8       0x20 ../final_project_display_v4_bsp/\libhal_bsp.a(alt_putchar.o)
 .debug_aranges
                0x00000000000000c8       0x20 ../final_project_display_v4_bsp/\libhal_bsp.a(alt_sys_init.o)
 .debug_aranges
                0x00000000000000e8       0x20 ../final_project_display_v4_bsp/\libhal_bsp.a(altera_avalon_jtag_uart_fd.o)
 .debug_aranges
                0x0000000000000108       0x20 ../final_project_display_v4_bsp/\libhal_bsp.a(altera_avalon_jtag_uart_init.o)
 .debug_aranges
                0x0000000000000128       0x20 ../final_project_display_v4_bsp/\libhal_bsp.a(altera_avalon_jtag_uart_ioctl.o)
 .debug_aranges
                0x0000000000000148       0x20 ../final_project_display_v4_bsp/\libhal_bsp.a(altera_avalon_jtag_uart_read.o)
 .debug_aranges
                0x0000000000000168       0x20 ../final_project_display_v4_bsp/\libhal_bsp.a(altera_avalon_jtag_uart_write.o)
 .debug_aranges
                0x0000000000000188       0x20 ../final_project_display_v4_bsp/\libhal_bsp.a(altera_avalon_timer_sc.o)
 .debug_aranges
                0x00000000000001a8       0x20 ../final_project_display_v4_bsp/\libhal_bsp.a(alt_alarm_start.o)
 .debug_aranges
                0x00000000000001c8       0x20 ../final_project_display_v4_bsp/\libhal_bsp.a(alt_close.o)
 .debug_aranges
                0x00000000000001e8       0x20 ../final_project_display_v4_bsp/\libhal_bsp.a(alt_dcache_flush_all.o)
 .debug_aranges
                0x0000000000000208       0x20 ../final_project_display_v4_bsp/\libhal_bsp.a(alt_dev.o)
 .debug_aranges
                0x0000000000000228       0x20 ../final_project_display_v4_bsp/\libhal_bsp.a(alt_dev_llist_insert.o)
 .debug_aranges
                0x0000000000000248       0x20 ../final_project_display_v4_bsp/\libhal_bsp.a(alt_do_ctors.o)
 .debug_aranges
                0x0000000000000268       0x20 ../final_project_display_v4_bsp/\libhal_bsp.a(alt_do_dtors.o)
 .debug_aranges
                0x0000000000000288       0x18 ../final_project_display_v4_bsp/\libhal_bsp.a(alt_errno.o)
 .debug_aranges
                0x00000000000002a0       0x20 ../final_project_display_v4_bsp/\libhal_bsp.a(alt_icache_flush_all.o)
 .debug_aranges
                0x00000000000002c0       0x20 ../final_project_display_v4_bsp/\libhal_bsp.a(alt_iic.o)
 .debug_aranges
                0x00000000000002e0       0x20 ../final_project_display_v4_bsp/\libhal_bsp.a(alt_iic_isr_register.o)
 .debug_aranges
                0x0000000000000300       0x20 ../final_project_display_v4_bsp/\libhal_bsp.a(alt_io_redirect.o)
 .debug_aranges
                0x0000000000000320       0x30 ../final_project_display_v4_bsp/\libhal_bsp.a(alt_irq_entry.o)
 .debug_aranges
                0x0000000000000350       0x20 ../final_project_display_v4_bsp/\libhal_bsp.a(alt_irq_handler.o)
 .debug_aranges
                0x0000000000000370       0x18 ../final_project_display_v4_bsp/\libhal_bsp.a(alt_irq_vars.o)
 .debug_aranges
                0x0000000000000388       0x20 ../final_project_display_v4_bsp/\libhal_bsp.a(alt_open.o)
 .debug_aranges
                0x00000000000003a8       0x20 ../final_project_display_v4_bsp/\libhal_bsp.a(alt_release_fd.o)
 .debug_aranges
                0x00000000000003c8       0x20 ../final_project_display_v4_bsp/\libhal_bsp.a(alt_tick.o)
 .debug_aranges
                0x00000000000003e8       0x20 ../final_project_display_v4_bsp/\libhal_bsp.a(altera_nios2_gen2_irq.o)
 .debug_aranges
                0x0000000000000408       0x38 ../final_project_display_v4_bsp/\libhal_bsp.a(alt_exception_entry.o)
 .debug_aranges
                0x0000000000000440       0x20 ../final_project_display_v4_bsp/\libhal_bsp.a(alt_find_dev.o)
 .debug_aranges
                0x0000000000000460       0x20 ../final_project_display_v4_bsp/\libhal_bsp.a(alt_find_file.o)
 .debug_aranges
                0x0000000000000480       0x20 ../final_project_display_v4_bsp/\libhal_bsp.a(alt_get_fd.o)
 .debug_aranges
                0x00000000000004a0       0x20 ../final_project_display_v4_bsp/\libhal_bsp.a(alt_icache_flush.o)
 .debug_aranges
                0x00000000000004c0       0x28 ../final_project_display_v4_bsp/\libhal_bsp.a(alt_instruction_exception_entry.o)
 .debug_aranges
                0x00000000000004e8       0x20 c:/intelfpga_lite/16.1/nios2eds/bin/gnu/h-x86_64-mingw32/bin/../lib/gcc/nios2-elf/5.3.0/../../../../../H-x86_64-mingw32/nios2-elf/lib\libc.a(lib_a-atexit.o)
 .debug_aranges
                0x0000000000000508       0x20 c:/intelfpga_lite/16.1/nios2eds/bin/gnu/h-x86_64-mingw32/bin/../lib/gcc/nios2-elf/5.3.0/../../../../../H-x86_64-mingw32/nios2-elf/lib\libc.a(lib_a-exit.o)
 .debug_aranges
                0x0000000000000528       0x18 c:/intelfpga_lite/16.1/nios2eds/bin/gnu/h-x86_64-mingw32/bin/../lib/gcc/nios2-elf/5.3.0/../../../../../H-x86_64-mingw32/nios2-elf/lib\libc.a(lib_a-impure.o)
 .debug_aranges
                0x0000000000000540       0x18 c:/intelfpga_lite/16.1/nios2eds/bin/gnu/h-x86_64-mingw32/bin/../lib/gcc/nios2-elf/5.3.0/../../../../../H-x86_64-mingw32/nios2-elf/lib\libc.a(lib_a-int_errno.o)
 .debug_aranges
                0x0000000000000558       0x20 c:/intelfpga_lite/16.1/nios2eds/bin/gnu/h-x86_64-mingw32/bin/../lib/gcc/nios2-elf/5.3.0/../../../../../H-x86_64-mingw32/nios2-elf/lib\libc.a(lib_a-memcmp.o)
 .debug_aranges
                0x0000000000000578       0x20 c:/intelfpga_lite/16.1/nios2eds/bin/gnu/h-x86_64-mingw32/bin/../lib/gcc/nios2-elf/5.3.0/../../../../../H-x86_64-mingw32/nios2-elf/lib\libc.a(lib_a-memcpy.o)
 .debug_aranges
                0x0000000000000598       0x28 c:/intelfpga_lite/16.1/nios2eds/bin/gnu/h-x86_64-mingw32/bin/../lib/gcc/nios2-elf/5.3.0/../../../../../H-x86_64-mingw32/nios2-elf/lib\libc.a(lib_a-putc.o)
 .debug_aranges
                0x00000000000005c0       0x20 c:/intelfpga_lite/16.1/nios2eds/bin/gnu/h-x86_64-mingw32/bin/../lib/gcc/nios2-elf/5.3.0/../../../../../H-x86_64-mingw32/nios2-elf/lib\libc.a(lib_a-strlen.o)
 .debug_aranges
                0x00000000000005e0       0x28 c:/intelfpga_lite/16.1/nios2eds/bin/gnu/h-x86_64-mingw32/bin/../lib/gcc/nios2-elf/5.3.0/../../../../../H-x86_64-mingw32/nios2-elf/lib\libc.a(lib_a-wbuf.o)
 .debug_aranges
                0x0000000000000608       0x20 c:/intelfpga_lite/16.1/nios2eds/bin/gnu/h-x86_64-mingw32/bin/../lib/gcc/nios2-elf/5.3.0/../../../../../H-x86_64-mingw32/nios2-elf/lib\libc.a(lib_a-wsetup.o)
 .debug_aranges
                0x0000000000000628       0x20 c:/intelfpga_lite/16.1/nios2eds/bin/gnu/h-x86_64-mingw32/bin/../lib/gcc/nios2-elf/5.3.0/../../../../../H-x86_64-mingw32/nios2-elf/lib\libc.a(lib_a-__atexit.o)
 .debug_aranges
                0x0000000000000648       0x20 c:/intelfpga_lite/16.1/nios2eds/bin/gnu/h-x86_64-mingw32/bin/../lib/gcc/nios2-elf/5.3.0/../../../../../H-x86_64-mingw32/nios2-elf/lib\libc.a(lib_a-__call_atexit.o)
 .debug_aranges
                0x0000000000000668       0x30 c:/intelfpga_lite/16.1/nios2eds/bin/gnu/h-x86_64-mingw32/bin/../lib/gcc/nios2-elf/5.3.0/../../../../../H-x86_64-mingw32/nios2-elf/lib\libc.a(lib_a-fflush.o)
 .debug_aranges
                0x0000000000000698       0x68 c:/intelfpga_lite/16.1/nios2eds/bin/gnu/h-x86_64-mingw32/bin/../lib/gcc/nios2-elf/5.3.0/../../../../../H-x86_64-mingw32/nios2-elf/lib\libc.a(lib_a-findfp.o)
 .debug_aranges
                0x0000000000000700       0x28 c:/intelfpga_lite/16.1/nios2eds/bin/gnu/h-x86_64-mingw32/bin/../lib/gcc/nios2-elf/5.3.0/../../../../../H-x86_64-mingw32/nios2-elf/lib\libc.a(lib_a-freer.o)
 .debug_aranges
                0x0000000000000728       0x28 c:/intelfpga_lite/16.1/nios2eds/bin/gnu/h-x86_64-mingw32/bin/../lib/gcc/nios2-elf/5.3.0/../../../../../H-x86_64-mingw32/nios2-elf/lib\libc.a(lib_a-fwalk.o)
 .debug_aranges
                0x0000000000000750       0x20 c:/intelfpga_lite/16.1/nios2eds/bin/gnu/h-x86_64-mingw32/bin/../lib/gcc/nios2-elf/5.3.0/../../../../../H-x86_64-mingw32/nios2-elf/lib\libc.a(lib_a-makebuf.o)
 .debug_aranges
                0x0000000000000770       0x20 c:/intelfpga_lite/16.1/nios2eds/bin/gnu/h-x86_64-mingw32/bin/../lib/gcc/nios2-elf/5.3.0/../../../../../H-x86_64-mingw32/nios2-elf/lib\libc.a(lib_a-mallocr.o)
 .debug_aranges
                0x0000000000000790       0x20 c:/intelfpga_lite/16.1/nios2eds/bin/gnu/h-x86_64-mingw32/bin/../lib/gcc/nios2-elf/5.3.0/../../../../../H-x86_64-mingw32/nios2-elf/lib\libc.a(lib_a-memset.o)
 .debug_aranges
                0x00000000000007b0       0x20 c:/intelfpga_lite/16.1/nios2eds/bin/gnu/h-x86_64-mingw32/bin/../lib/gcc/nios2-elf/5.3.0/../../../../../H-x86_64-mingw32/nios2-elf/lib\libc.a(lib_a-sbrkr.o)
 .debug_aranges
                0x00000000000007d0       0x40 c:/intelfpga_lite/16.1/nios2eds/bin/gnu/h-x86_64-mingw32/bin/../lib/gcc/nios2-elf/5.3.0/../../../../../H-x86_64-mingw32/nios2-elf/lib\libc.a(lib_a-stdio.o)
 .debug_aranges
                0x0000000000000810       0x20 c:/intelfpga_lite/16.1/nios2eds/bin/gnu/h-x86_64-mingw32/bin/../lib/gcc/nios2-elf/5.3.0/../../../../../H-x86_64-mingw32/nios2-elf/lib\libc.a(lib_a-writer.o)
 .debug_aranges
                0x0000000000000830       0x20 c:/intelfpga_lite/16.1/nios2eds/bin/gnu/h-x86_64-mingw32/bin/../lib/gcc/nios2-elf/5.3.0/../../../../../H-x86_64-mingw32/nios2-elf/lib\libc.a(closer.o)
 .debug_aranges
                0x0000000000000850       0x28 c:/intelfpga_lite/16.1/nios2eds/bin/gnu/h-x86_64-mingw32/bin/../lib/gcc/nios2-elf/5.3.0/../../../../../H-x86_64-mingw32/nios2-elf/lib\libc.a(lib_a-fclose.o)
 .debug_aranges
                0x0000000000000878       0x20 c:/intelfpga_lite/16.1/nios2eds/bin/gnu/h-x86_64-mingw32/bin/../lib/gcc/nios2-elf/5.3.0/../../../../../H-x86_64-mingw32/nios2-elf/lib\libc.a(lib_a-fstatr.o)
 .debug_aranges
                0x0000000000000898       0x20 c:/intelfpga_lite/16.1/nios2eds/bin/gnu/h-x86_64-mingw32/bin/../lib/gcc/nios2-elf/5.3.0/../../../../../H-x86_64-mingw32/nios2-elf/lib\libc.a(lib_a-isattyr.o)
 .debug_aranges
                0x00000000000008b8       0x20 c:/intelfpga_lite/16.1/nios2eds/bin/gnu/h-x86_64-mingw32/bin/../lib/gcc/nios2-elf/5.3.0/../../../../../H-x86_64-mingw32/nios2-elf/lib\libc.a(lib_a-lseekr.o)
 .debug_aranges
                0x00000000000008d8       0x20 c:/intelfpga_lite/16.1/nios2eds/bin/gnu/h-x86_64-mingw32/bin/../lib/gcc/nios2-elf/5.3.0/../../../../../H-x86_64-mingw32/nios2-elf/lib\libc.a(lib_a-readr.o)
 .debug_aranges
                0x00000000000008f8       0x20 ../final_project_display_v4_bsp/\libhal_bsp.a(alt_exit.o)
 .debug_aranges
                0x0000000000000918       0x20 ../final_project_display_v4_bsp/\libhal_bsp.a(alt_fstat.o)
 .debug_aranges
                0x0000000000000938       0x20 ../final_project_display_v4_bsp/\libhal_bsp.a(alt_isatty.o)
 .debug_aranges
                0x0000000000000958       0x20 ../final_project_display_v4_bsp/\libhal_bsp.a(alt_lseek.o)
 .debug_aranges
                0x0000000000000978       0x20 ../final_project_display_v4_bsp/\libhal_bsp.a(alt_malloc_lock.o)
 .debug_aranges
                0x0000000000000998       0x20 ../final_project_display_v4_bsp/\libhal_bsp.a(alt_read.o)
 .debug_aranges
                0x00000000000009b8       0x20 ../final_project_display_v4_bsp/\libhal_bsp.a(alt_sbrk.o)
 .debug_aranges
                0x00000000000009d8       0x20 ../final_project_display_v4_bsp/\libhal_bsp.a(alt_write.o)

.debug_pubnames
 *(.debug_pubnames)

.debug_info     0x0000000000000000    0x15c06
 *(.debug_info .gnu.linkonce.wi.*)
 .debug_info    0x0000000000000000       0x7f ../final_project_display_v4_bsp//obj/HAL/src/crt0.o
 .debug_info    0x000000000000007f      0x1fd obj/default/main.o
 .debug_info    0x000000000000027c      0x145 ../final_project_display_v4_bsp/\libhal_bsp.a(alt_load.o)
 .debug_info    0x00000000000003c1      0x131 ../final_project_display_v4_bsp/\libhal_bsp.a(alt_main.o)
 .debug_info    0x00000000000004f2      0x119 ../final_project_display_v4_bsp/\libhal_bsp.a(alt_printf.o)
 .debug_info    0x000000000000060b      0x8a6 ../final_project_display_v4_bsp/\libhal_bsp.a(alt_putchar.o)
 .debug_info    0x0000000000000eb1      0x4d9 ../final_project_display_v4_bsp/\libhal_bsp.a(alt_sys_init.o)
 .debug_info    0x000000000000138a      0x52e ../final_project_display_v4_bsp/\libhal_bsp.a(altera_avalon_jtag_uart_fd.o)
 .debug_info    0x00000000000018b8      0x3a0 ../final_project_display_v4_bsp/\libhal_bsp.a(altera_avalon_jtag_uart_init.o)
 .debug_info    0x0000000000001c58      0x280 ../final_project_display_v4_bsp/\libhal_bsp.a(altera_avalon_jtag_uart_ioctl.o)
 .debug_info    0x0000000000001ed8      0x345 ../final_project_display_v4_bsp/\libhal_bsp.a(altera_avalon_jtag_uart_read.o)
 .debug_info    0x000000000000221d      0x340 ../final_project_display_v4_bsp/\libhal_bsp.a(altera_avalon_jtag_uart_write.o)
 .debug_info    0x000000000000255d      0x226 ../final_project_display_v4_bsp/\libhal_bsp.a(altera_avalon_timer_sc.o)
 .debug_info    0x0000000000002783      0x2cc ../final_project_display_v4_bsp/\libhal_bsp.a(alt_alarm_start.o)
 .debug_info    0x0000000000002a4f      0x321 ../final_project_display_v4_bsp/\libhal_bsp.a(alt_close.o)
 .debug_info    0x0000000000002d70       0xa5 ../final_project_display_v4_bsp/\libhal_bsp.a(alt_dcache_flush_all.o)
 .debug_info    0x0000000000002e15      0x49c ../final_project_display_v4_bsp/\libhal_bsp.a(alt_dev.o)
 .debug_info    0x00000000000032b1      0x1a9 ../final_project_display_v4_bsp/\libhal_bsp.a(alt_dev_llist_insert.o)
 .debug_info    0x000000000000345a       0x83 ../final_project_display_v4_bsp/\libhal_bsp.a(alt_do_ctors.o)
 .debug_info    0x00000000000034dd       0x83 ../final_project_display_v4_bsp/\libhal_bsp.a(alt_do_dtors.o)
 .debug_info    0x0000000000003560       0xa6 ../final_project_display_v4_bsp/\libhal_bsp.a(alt_errno.o)
 .debug_info    0x0000000000003606       0x92 ../final_project_display_v4_bsp/\libhal_bsp.a(alt_icache_flush_all.o)
 .debug_info    0x0000000000003698      0x350 ../final_project_display_v4_bsp/\libhal_bsp.a(alt_iic.o)
 .debug_info    0x00000000000039e8      0x1ef ../final_project_display_v4_bsp/\libhal_bsp.a(alt_iic_isr_register.o)
 .debug_info    0x0000000000003bd7      0x4a5 ../final_project_display_v4_bsp/\libhal_bsp.a(alt_io_redirect.o)
 .debug_info    0x000000000000407c       0x88 ../final_project_display_v4_bsp/\libhal_bsp.a(alt_irq_entry.o)
 .debug_info    0x0000000000004104      0x187 ../final_project_display_v4_bsp/\libhal_bsp.a(alt_irq_handler.o)
 .debug_info    0x000000000000428b       0x88 ../final_project_display_v4_bsp/\libhal_bsp.a(alt_irq_vars.o)
 .debug_info    0x0000000000004313      0x3bb ../final_project_display_v4_bsp/\libhal_bsp.a(alt_open.o)
 .debug_info    0x00000000000046ce      0x2b0 ../final_project_display_v4_bsp/\libhal_bsp.a(alt_release_fd.o)
 .debug_info    0x000000000000497e      0x299 ../final_project_display_v4_bsp/\libhal_bsp.a(alt_tick.o)
 .debug_info    0x0000000000004c17       0x92 ../final_project_display_v4_bsp/\libhal_bsp.a(altera_nios2_gen2_irq.o)
 .debug_info    0x0000000000004ca9       0x8e ../final_project_display_v4_bsp/\libhal_bsp.a(alt_exception_entry.o)
 .debug_info    0x0000000000004d37      0x2e9 ../final_project_display_v4_bsp/\libhal_bsp.a(alt_find_dev.o)
 .debug_info    0x0000000000005020      0x2e6 ../final_project_display_v4_bsp/\libhal_bsp.a(alt_find_file.o)
 .debug_info    0x0000000000005306      0x310 ../final_project_display_v4_bsp/\libhal_bsp.a(alt_get_fd.o)
 .debug_info    0x0000000000005616       0xdc ../final_project_display_v4_bsp/\libhal_bsp.a(alt_icache_flush.o)
 .debug_info    0x00000000000056f2      0x1e7 ../final_project_display_v4_bsp/\libhal_bsp.a(alt_instruction_exception_entry.o)
 .debug_info    0x00000000000058d9       0xfe c:/intelfpga_lite/16.1/nios2eds/bin/gnu/h-x86_64-mingw32/bin/../lib/gcc/nios2-elf/5.3.0/../../../../../H-x86_64-mingw32/nios2-elf/lib\libc.a(lib_a-atexit.o)
 .debug_info    0x00000000000059d7      0x8e4 c:/intelfpga_lite/16.1/nios2eds/bin/gnu/h-x86_64-mingw32/bin/../lib/gcc/nios2-elf/5.3.0/../../../../../H-x86_64-mingw32/nios2-elf/lib\libc.a(lib_a-exit.o)
 .debug_info    0x00000000000062bb      0x8a1 c:/intelfpga_lite/16.1/nios2eds/bin/gnu/h-x86_64-mingw32/bin/../lib/gcc/nios2-elf/5.3.0/../../../../../H-x86_64-mingw32/nios2-elf/lib\libc.a(lib_a-impure.o)
 .debug_info    0x0000000000006b5c       0x8a c:/intelfpga_lite/16.1/nios2eds/bin/gnu/h-x86_64-mingw32/bin/../lib/gcc/nios2-elf/5.3.0/../../../../../H-x86_64-mingw32/nios2-elf/lib\libc.a(lib_a-int_errno.o)
 .debug_info    0x0000000000006be6      0x11a c:/intelfpga_lite/16.1/nios2eds/bin/gnu/h-x86_64-mingw32/bin/../lib/gcc/nios2-elf/5.3.0/../../../../../H-x86_64-mingw32/nios2-elf/lib\libc.a(lib_a-memcmp.o)